Archive member included to satisfy reference by file (symbol)

D:/STM32/STM32CubeIDE_2.0.0/STM32CubeIDE/plugins/com.st.stm32cube.ide.mcu.externaltools.gnu-tools-for-stm32.13.3.rel1.win32_1.0.100.202509120712/tools/bin/../lib/gcc/arm-none-eabi/13.3.1/../../../../arm-none-eabi/lib/thumb/v7-m/nofp\libc_nano.a(libc_a-atoi.o)
                              ./Core/Modules/pc_serial_com/pc_serial_com.o (atoi)
D:/STM32/STM32CubeIDE_2.0.0/STM32CubeIDE/plugins/com.st.stm32cube.ide.mcu.externaltools.gnu-tools-for-stm32.13.3.rel1.win32_1.0.100.202509120712/tools/bin/../lib/gcc/arm-none-eabi/13.3.1/../../../../arm-none-eabi/lib/thumb/v7-m/nofp\libc_nano.a(libc_a-exit.o)
                              D:/STM32/STM32CubeIDE_2.0.0/STM32CubeIDE/plugins/com.st.stm32cube.ide.mcu.externaltools.gnu-tools-for-stm32.13.3.rel1.win32_1.0.100.202509120712/tools/bin/../lib/gcc/arm-none-eabi/13.3.1/../../../../arm-none-eabi/lib/thumb/v7-m/nofp/crt0.o (exit)
D:/STM32/STM32CubeIDE_2.0.0/STM32CubeIDE/plugins/com.st.stm32cube.ide.mcu.externaltools.gnu-tools-for-stm32.13.3.rel1.win32_1.0.100.202509120712/tools/bin/../lib/gcc/arm-none-eabi/13.3.1/../../../../arm-none-eabi/lib/thumb/v7-m/nofp\libc_nano.a(libc_a-strtol.o)
                              D:/STM32/STM32CubeIDE_2.0.0/STM32CubeIDE/plugins/com.st.stm32cube.ide.mcu.externaltools.gnu-tools-for-stm32.13.3.rel1.win32_1.0.100.202509120712/tools/bin/../lib/gcc/arm-none-eabi/13.3.1/../../../../arm-none-eabi/lib/thumb/v7-m/nofp\libc_nano.a(libc_a-atoi.o) (_strtol_r)
D:/STM32/STM32CubeIDE_2.0.0/STM32CubeIDE/plugins/com.st.stm32cube.ide.mcu.externaltools.gnu-tools-for-stm32.13.3.rel1.win32_1.0.100.202509120712/tools/bin/../lib/gcc/arm-none-eabi/13.3.1/../../../../arm-none-eabi/lib/thumb/v7-m/nofp\libc_nano.a(libc_a-ctype_.o)
                              D:/STM32/STM32CubeIDE_2.0.0/STM32CubeIDE/plugins/com.st.stm32cube.ide.mcu.externaltools.gnu-tools-for-stm32.13.3.rel1.win32_1.0.100.202509120712/tools/bin/../lib/gcc/arm-none-eabi/13.3.1/../../../../arm-none-eabi/lib/thumb/v7-m/nofp\libc_nano.a(libc_a-strtol.o) (_ctype_)
D:/STM32/STM32CubeIDE_2.0.0/STM32CubeIDE/plugins/com.st.stm32cube.ide.mcu.externaltools.gnu-tools-for-stm32.13.3.rel1.win32_1.0.100.202509120712/tools/bin/../lib/gcc/arm-none-eabi/13.3.1/../../../../arm-none-eabi/lib/thumb/v7-m/nofp\libc_nano.a(libc_a-findfp.o)
                              D:/STM32/STM32CubeIDE_2.0.0/STM32CubeIDE/plugins/com.st.stm32cube.ide.mcu.externaltools.gnu-tools-for-stm32.13.3.rel1.win32_1.0.100.202509120712/tools/bin/../lib/gcc/arm-none-eabi/13.3.1/../../../../arm-none-eabi/lib/thumb/v7-m/nofp\libc_nano.a(libc_a-exit.o) (__stdio_exit_handler)
D:/STM32/STM32CubeIDE_2.0.0/STM32CubeIDE/plugins/com.st.stm32cube.ide.mcu.externaltools.gnu-tools-for-stm32.13.3.rel1.win32_1.0.100.202509120712/tools/bin/../lib/gcc/arm-none-eabi/13.3.1/../../../../arm-none-eabi/lib/thumb/v7-m/nofp\libc_nano.a(libc_a-fwalk.o)
                              D:/STM32/STM32CubeIDE_2.0.0/STM32CubeIDE/plugins/com.st.stm32cube.ide.mcu.externaltools.gnu-tools-for-stm32.13.3.rel1.win32_1.0.100.202509120712/tools/bin/../lib/gcc/arm-none-eabi/13.3.1/../../../../arm-none-eabi/lib/thumb/v7-m/nofp\libc_nano.a(libc_a-findfp.o) (_fwalk_sglue)
D:/STM32/STM32CubeIDE_2.0.0/STM32CubeIDE/plugins/com.st.stm32cube.ide.mcu.externaltools.gnu-tools-for-stm32.13.3.rel1.win32_1.0.100.202509120712/tools/bin/../lib/gcc/arm-none-eabi/13.3.1/../../../../arm-none-eabi/lib/thumb/v7-m/nofp\libc_nano.a(libc_a-snprintf.o)
                              ./Core/lib/ssd1306/ssd1306_tests.o (snprintf)
D:/STM32/STM32CubeIDE_2.0.0/STM32CubeIDE/plugins/com.st.stm32cube.ide.mcu.externaltools.gnu-tools-for-stm32.13.3.rel1.win32_1.0.100.202509120712/tools/bin/../lib/gcc/arm-none-eabi/13.3.1/../../../../arm-none-eabi/lib/thumb/v7-m/nofp\libc_nano.a(libc_a-sprintf.o)
                              ./Core/Modules/pc_serial_com/pc_serial_com.o (sprintf)
D:/STM32/STM32CubeIDE_2.0.0/STM32CubeIDE/plugins/com.st.stm32cube.ide.mcu.externaltools.gnu-tools-for-stm32.13.3.rel1.win32_1.0.100.202509120712/tools/bin/../lib/gcc/arm-none-eabi/13.3.1/../../../../arm-none-eabi/lib/thumb/v7-m/nofp\libc_nano.a(libc_a-stdio.o)
                              D:/STM32/STM32CubeIDE_2.0.0/STM32CubeIDE/plugins/com.st.stm32cube.ide.mcu.externaltools.gnu-tools-for-stm32.13.3.rel1.win32_1.0.100.202509120712/tools/bin/../lib/gcc/arm-none-eabi/13.3.1/../../../../arm-none-eabi/lib/thumb/v7-m/nofp\libc_nano.a(libc_a-findfp.o) (__sread)
D:/STM32/STM32CubeIDE_2.0.0/STM32CubeIDE/plugins/com.st.stm32cube.ide.mcu.externaltools.gnu-tools-for-stm32.13.3.rel1.win32_1.0.100.202509120712/tools/bin/../lib/gcc/arm-none-eabi/13.3.1/../../../../arm-none-eabi/lib/thumb/v7-m/nofp\libc_nano.a(libc_a-memmove.o)
                              ./Core/lib/ssd1306/ssd1306_tests.o (memmove)
[...]
Memory Configuration

Name             Origin             Length             Attributes
RAM              0x20000000         0x00005000         xrw
FLASH            0x08000000         0x00010000         xr
*default*        0x00000000         0xffffffff

Linker script and memory map

LOAD D:/STM32/STM32CubeIDE_2.0.0/STM32CubeIDE/plugins/com.st.stm32cube.ide.mcu.externaltools.gnu-tools-for-stm32.13.3.rel1.win32_1.0.100.202509120712/tools/bin/../lib/gcc/arm-none-eabi/13.3.1/thumb/v7-m/nofp/crti.o
LOAD D:/STM32/STM32CubeIDE_2.0.0/STM32CubeIDE/plugins/com.st.stm32cube.ide.mcu.externaltools.gnu-tools-for-stm32.13.3.rel1.win32_1.0.100.202509120712/tools/bin/../lib/gcc/arm-none-eabi/13.3.1/thumb/v7-m/nofp/crtbegin.o
LOAD D:/STM32/STM32CubeIDE_2.0.0/STM32CubeIDE/plugins/com.st.stm32cube.ide.mcu.externaltools.gnu-tools-for-stm32.13.3.rel1.win32_1.0.100.202509120712/tools/bin/../lib/gcc/arm-none-eabi/13.3.1/../../../../arm-none-eabi/lib/thumb/v7-m/nofp/crt0.o
LOAD ./Core/Modules/device_control/device_control.o
LOAD ./Core/Modules/pc_serial_com/pc_serial_com.o
LOAD ./Core/Modules/sensor_manager/sensor_manager.o
LOAD ./Core/Modules/smart_home_system/smart_home_system.o
LOAD ./Core/Modules/touch_button/touch_button.o
LOAD ./Core/Modules/user_interface/user_interface.o
LOAD ./Core/Src/main.o
LOAD ./Core/Src/stm32f1xx_hal_msp.o
LOAD ./Core/Src/stm32f1xx_it.o
LOAD ./Core/Src/syscalls.o
LOAD ./Core/Src/sysmem.o
LOAD ./Core/Src/system_stm32f1xx.o
LOAD ./Core/Startup/startup_stm32f103c8tx.o
LOAD ./Core/lib/DHT11/DHT11.o
LOAD ./Core/lib/ssd1306/ssd1306.o
LOAD ./Core/lib/ssd1306/ssd1306_fonts.o
LOAD ./Core/lib/ssd1306/ssd1306_tests.o
LOAD ./Drivers/STM32F1xx_HAL_Driver/Src/stm32f1xx_hal.o
LOAD ./Drivers/STM32F1xx_HAL_Driver/Src/stm32f1xx_hal_adc.o
LOAD ./Drivers/STM32F1xx_HAL_Driver/Src/stm32f1xx_hal_adc_ex.o
LOAD ./Drivers/STM32F1xx_HAL_Driver/Src/stm32f1xx_hal_cortex.o
LOAD ./Drivers/STM32F1xx_HAL_Driver/Src/stm32f1xx_hal_dma.o
LOAD ./Drivers/STM32F1xx_HAL_Driver/Src/stm32f1xx_hal_exti.o
LOAD ./Drivers/STM32F1xx_HAL_Driver/Src/stm32f1xx_hal_flash.o
LOAD ./Drivers/STM32F1xx_HAL_Driver/Src/stm32f1xx_hal_flash_ex.o
LOAD ./Drivers/STM32F1xx_HAL_Driver/Src/stm32f1xx_hal_gpio.o
LOAD ./Drivers/STM32F1xx_HAL_Driver/Src/stm32f1xx_hal_gpio_ex.o
LOAD ./Drivers/STM32F1xx_HAL_Driver/Src/stm32f1xx_hal_i2c.o
LOAD ./Drivers/STM32F1xx_HAL_Driver/Src/stm32f1xx_hal_pwr.o
LOAD ./Drivers/STM32F1xx_HAL_Driver/Src/stm32f1xx_hal_rcc.o
LOAD ./Drivers/STM32F1xx_HAL_Driver/Src/stm32f1xx_hal_rcc_ex.o
LOAD ./Drivers/STM32F1xx_HAL_Driver/Src/stm32f1xx_hal_tim.o
LOAD ./Drivers/STM32F1xx_HAL_Driver/Src/stm32f1xx_hal_tim_ex.o
LOAD ./Drivers/STM32F1xx_HAL_Driver/Src/stm32f1xx_hal_uart.o
START GROUP
LOAD D:/STM32/STM32CubeIDE_2.0.0/STM32CubeIDE/plugins/com.st.stm32cube.ide.mcu.externaltools.gnu-tools-for-stm32.13.3.rel1.win32_1.0.100.202509120712/tools/bin/../lib/gcc/arm-none-eabi/13.3.1/../../../../arm-none-eabi/lib/thumb/v7-m/nofp\libc_nano.a
LOAD D:/STM32/STM32CubeIDE_2.0.0/STM32CubeIDE/plugins/com.st.stm32cube.ide.mcu.externaltools.gnu-tools-for-stm32.13.3.rel1.win32_1.0.100.202509120712/tools/bin/../lib/gcc/arm-none-eabi/13.3.1/../../../../arm-none-eabi/lib/thumb/v7-m/nofp\libm.a
END GROUP
START GROUP
LOAD D:/STM32/STM32CubeIDE_2.0.0/STM32CubeIDE/plugins/com.st.stm32cube.ide.mcu.externaltools.gnu-tools-for-stm32.13.3.rel1.win32_1.0.100.202509120712/tools/bin/../lib/gcc/arm-none-eabi/13.3.1/thumb/v7-m/nofp\libgcc.a
LOAD D:/STM32/STM32CubeIDE_2.0.0/STM32CubeIDE/plugins/com.st.stm32cube.ide.mcu.externaltools.gnu-tools-for-stm32.13.3.rel1.win32_1.0.100.202509120712/tools/bin/../lib/gcc/arm-none-eabi/13.3.1/../../../../arm-none-eabi/lib/thumb/v7-m/nofp\libc_nano.a
END GROUP
START GROUP
LOAD D:/STM32/STM32CubeIDE_2.0.0/STM32CubeIDE/plugins/com.st.stm32cube.ide.mcu.externaltools.gnu-tools-for-stm32.13.3.rel1.win32_1.0.100.202509120712/tools/bin/../lib/gcc/arm-none-eabi/13.3.1/thumb/v7-m/nofp\libgcc.a
LOAD D:/STM32/STM32CubeIDE_2.0.0/STM32CubeIDE/plugins/com.st.stm32cube.ide.mcu.externaltools.gnu-tools-for-stm32.13.3.rel1.win32_1.0.100.202509120712/tools/bin/../lib/gcc/arm-none-eabi/13.3.1/../../../../arm-none-eabi/lib/thumb/v7-m/nofp\libc_nano.a
LOAD D:/STM32/STM32CubeIDE_2.0.0/STM32CubeIDE/plugins/com.st.stm32cube.ide.mcu.externaltools.gnu-tools-for-stm32.13.3.rel1.win32_1.0.100.202509120712/tools/bin/../lib/gcc/arm-none-eabi/13.3.1/../../../../arm-none-eabi/lib/thumb/v7-m/nofp\libnosys.a
END GROUP
START GROUP
LOAD D:/STM32/STM32CubeIDE_2.0.0/STM32CubeIDE/plugins/com.st.stm32cube.ide.mcu.externaltools.gnu-tools-for-stm32.13.3.rel1.win32_1.0.100.202509120712/tools/bin/../lib/gcc/arm-none-eabi/13.3.1/thumb/v7-m/nofp\libgcc.a
LOAD D:/STM32/STM32CubeIDE_2.0.0/STM32CubeIDE/plugins/com.st.stm32cube.ide.mcu.externaltools.gnu-tools-for-stm32.13.3.rel1.win32_1.0.100.202509120712/tools/bin/../lib/gcc/arm-none-eabi/13.3.1/../../../../arm-none-eabi/lib/thumb/v7-m/nofp\libc_nano.a
LOAD D:/STM32/STM32CubeIDE_2.0.0/STM32CubeIDE/plugins/com.st.stm32cube.ide.mcu.externaltools.gnu-tools-for-stm32.13.3.rel1.win32_1.0.100.202509120712/tools/bin/../lib/gcc/arm-none-eabi/13.3.1/../../../../arm-none-eabi/lib/thumb/v7-m/nofp\libnosys.a
END GROUP
LOAD D:/STM32/STM32CubeIDE_2.0.0/STM32CubeIDE/plugins/com.st.stm32cube.ide.mcu.externaltools.gnu-tools-for-stm32.13.3.rel1.win32_1.0.100.202509120712/tools/bin/../lib/gcc/arm-none-eabi/13.3.1/thumb/v7-m/nofp/crtend.o
LOAD D:/STM32/STM32CubeIDE_2.0.0/STM32CubeIDE/plugins/com.st.stm32cube.ide.mcu.externaltools.gnu-tools-for-stm32.13.3.rel1.win32_1.0.100.202509120712/tools/bin/../lib/gcc/arm-none-eabi/13.3.1/thumb/v7-m/nofp/crtn.o
                0x20005000                        _estack = (ORIGIN (RAM) + LENGTH (RAM))
                0x00000200                        _Min_Heap_Size = 0x200
                0x00000400                        _Min_Stack_Size = 0x400

.isr_vector     0x08000000      0x10c
                0x08000000                        . = ALIGN (0x4)
 *(.isr_vector)
 .isr_vector    0x08000000      0x10c ./Core/Startup/startup_stm32f103c8tx.o
                0x08000000                g_pfnVectors
                0x0800010c                        . = ALIGN (0x4)

.text           0x0800010c     0x671c
                0x0800010c                        . = ALIGN (0x4)
 *(.text)
 .text          0x0800010c       0x40 D:/STM32/STM32CubeIDE_2.0.0/STM32CubeIDE/plugins/com.st.stm32cube.ide.mcu.externaltools.gnu-tools-for-stm32.13.3.rel1.win32_1.0.100.202509120712/tools/bin/../lib/gcc/arm-none-eabi/13.3.1/thumb/v7-m/nofp/crtbegin.o
 .text          0x0800014c       0x10 D:/STM32/STM32CubeIDE_2.0.0/STM32CubeIDE/plugins/com.st.stm32cube.ide.mcu.externaltools.gnu-tools-for-stm32.13.3.rel1.win32_1.0.100.202509120712/tools/bin/../lib/gcc/arm-none-eabi/13.3.1/../../../../arm-none-eabi/lib/thumb/v7-m/nofp\libc_nano.a(libc_a-strlen.o)
                0x0800014c                strlen
 *(.text*)
 .text.deviceControlUpdate
                0x0800015c      0x134 ./Core/Modules/device_control/device_control.o
                0x0800015c                deviceControlUpdate
 .text.PC_Serial_ProcessCommand
                0x08000290      0xb48 ./Core/Modules/pc_serial_com/pc_serial_com.o
                0x08000290                PC_Serial_ProcessCommand
 .text.ReadNumberFromPC
                0x08000dd8       0x70 ./Core/Modules/pc_serial_com/pc_serial_com.o
 .text.sensorManagerInit
                0x08000e48       0x20 ./Core/Modules/sensor_manager/sensor_manager.o
                0x08000e48                sensorManagerInit
 .text.sensorManagerUpdate
                0x08000e68       0xb4 ./Core/Modules/sensor_manager/sensor_manager.o
                0x08000e68                sensorManagerUpdate
 .text.Read_LDR
                0x08000f1c       0x34 ./Core/Modules/sensor_manager/sensor_manager.o
 .text.Sensor_Radar_UART_Callback
                0x08000f50       0x90 ./Core/Modules/sensor_manager/sensor_manager.o
                0x08000f50                Sensor_Radar_UART_Callback
 .text.Parse_LD2410_Frame
                0x08000fe0       0x9c ./Core/Modules/sensor_manager/sensor_manager.o
 .text.smartHome_Init
                0x0800107c       0x10 ./Core/Modules/smart_home_system/smart_home_system.o
                0x0800107c                smartHome_Init
 .text.smartHome_Run
                0x0800108c       0x18 ./Core/Modules/smart_home_system/smart_home_system.o
                0x0800108c                smartHome_Run
 .text.touchButtonUpdate
                0x080010a4      0x248 ./Core/Modules/touch_button/touch_button.o
                0x080010a4                touchButtonUpdate
 .text.userInterfaceInit
                0x080012ec       0x78 ./Core/Modules/user_interface/user_interface.o
                0x080012ec                userInterfaceInit
 .text.userInterfaceUpdate
                0x08001364      0x1d0 ./Core/Modules/user_interface/user_interface.o
                0x08001364                userInterfaceUpdate
 .text.main     0x08001534       0x54 ./Core/Src/main.o
                0x08001534                main
 .text.SystemClock_Config
                0x08001588       0xb6 ./Core/Src/main.o
                0x08001588                SystemClock_Config
 *fill*         0x0800163e        0x2 
 .text.MX_ADC1_Init
                0x08001640       0x7c ./Core/Src/main.o
 .text.MX_I2C1_Init
                0x080016bc       0x5c ./Core/Src/main.o
 .text.MX_TIM1_Init
                0x08001718       0xa0 ./Core/Src/main.o
 .text.MX_USART1_UART_Init
                0x080017b8       0x54 ./Core/Src/main.o
 .text.MX_USART2_UART_Init
                0x0800180c       0x54 ./Core/Src/main.o
 .text.MX_GPIO_Init
                0x08001860       0xe4 ./Core/Src/main.o
 .text.HAL_UART_RxCpltCallback
                0x08001944       0x64 ./Core/Src/main.o
                0x08001944                HAL_UART_RxCpltCallback
 .text.Error_Handler
                0x080019a8        0xc ./Core/Src/main.o
                0x080019a8                Error_Handler
 .text.HAL_MspInit
                0x080019b4       0x64 ./Core/Src/stm32f1xx_hal_msp.o
                0x080019b4                HAL_MspInit
 .text.HAL_ADC_MspInit
                0x08001a18       0x78 ./Core/Src/stm32f1xx_hal_msp.o
                0x08001a18                HAL_ADC_MspInit
 .text.HAL_I2C_MspInit
                0x08001a90       0x7c ./Core/Src/stm32f1xx_hal_msp.o
                0x08001a90                HAL_I2C_MspInit
 .text.HAL_TIM_Base_MspInit
                0x08001b0c       0x3c ./Core/Src/stm32f1xx_hal_msp.o
                0x08001b0c                HAL_TIM_Base_MspInit
 .text.HAL_UART_MspInit
                0x08001b48      0x128 ./Core/Src/stm32f1xx_hal_msp.o
                0x08001b48                HAL_UART_MspInit
 .text.NMI_Handler
                0x08001c70        0x8 ./Core/Src/stm32f1xx_it.o
                0x08001c70                NMI_Handler
 .text.HardFault_Handler
                0x08001c78        0x8 ./Core/Src/stm32f1xx_it.o
                0x08001c78                HardFault_Handler
 .text.MemManage_Handler
                0x08001c80        0x8 ./Core/Src/stm32f1xx_it.o
                0x08001c80                MemManage_Handler
 .text.BusFault_Handler
                0x08001c88        0x8 ./Core/Src/stm32f1xx_it.o
                0x08001c88                BusFault_Handler
 .text.UsageFault_Handler
                0x08001c90        0x8 ./Core/Src/stm32f1xx_it.o
                0x08001c90                UsageFault_Handler
 .text.SVC_Handler
                0x08001c98        0xc ./Core/Src/stm32f1xx_it.o
                0x08001c98                SVC_Handler
 .text.DebugMon_Handler
                0x08001ca4        0xc ./Core/Src/stm32f1xx_it.o
                0x08001ca4                DebugMon_Handler
 .text.PendSV_Handler
                0x08001cb0        0xc ./Core/Src/stm32f1xx_it.o
                0x08001cb0                PendSV_Handler
 .text.SysTick_Handler
                0x08001cbc        0xc ./Core/Src/stm32f1xx_it.o
                0x08001cbc                SysTick_Handler
 .text.USART1_IRQHandler
                0x08001cc8       0x14 ./Core/Src/stm32f1xx_it.o
                0x08001cc8                USART1_IRQHandler
 .text.USART2_IRQHandler
                0x08001cdc       0x14 ./Core/Src/stm32f1xx_it.o
                0x08001cdc                USART2_IRQHandler
 .text._sbrk    0x08001cf0       0x6c ./Core/Src/sysmem.o
                0x08001cf0                _sbrk
 .text.SystemInit
                0x08001d5c        0xc ./Core/Src/system_stm32f1xx.o
                0x08001d5c                SystemInit
 .text.Reset_Handler
                0x08001d68       0x48 ./Core/Startup/startup_stm32f103c8tx.o
                0x08001d68                Reset_Handler
 .text.Default_Handler
                0x08001db0        0x2 ./Core/Startup/startup_stm32f103c8tx.o
                0x08001db0                RTC_Alarm_IRQHandler
                0x08001db0                EXTI2_IRQHandler
                0x08001db0                TIM1_CC_IRQHandler
                0x08001db0                PVD_IRQHandler
                0x08001db0                EXTI3_IRQHandler
                0x08001db0                EXTI0_IRQHandler
                0x08001db0                I2C2_EV_IRQHandler
                0x08001db0                ADC1_2_IRQHandler
                0x08001db0                SPI1_IRQHandler
                0x08001db0                TAMPER_IRQHandler
                0x08001db0                DMA1_Channel4_IRQHandler
                0x08001db0                USART3_IRQHandler
                0x08001db0                RTC_IRQHandler
                0x08001db0                DMA1_Channel7_IRQHandler
                0x08001db0                CAN1_RX1_IRQHandler
                0x08001db0                TIM4_IRQHandler
                0x08001db0                I2C1_EV_IRQHandler
                0x08001db0                DMA1_Channel6_IRQHandler
                0x08001db0                TIM3_IRQHandler
                0x08001db0                RCC_IRQHandler
                0x08001db0                TIM1_TRG_COM_IRQHandler
                0x08001db0                DMA1_Channel1_IRQHandler
                0x08001db0                Default_Handler
                0x08001db0                EXTI15_10_IRQHandler
                0x08001db0                EXTI9_5_IRQHandler
                0x08001db0                SPI2_IRQHandler
                0x08001db0                DMA1_Channel5_IRQHandler
                0x08001db0                EXTI4_IRQHandler
                0x08001db0                USB_LP_CAN1_RX0_IRQHandler
                0x08001db0                USB_HP_CAN1_TX_IRQHandler
                0x08001db0                DMA1_Channel3_IRQHandler
                0x08001db0                TIM1_UP_IRQHandler
                0x08001db0                WWDG_IRQHandler
                0x08001db0                TIM2_IRQHandler
                0x08001db0                TIM1_BRK_IRQHandler
                0x08001db0                EXTI1_IRQHandler
                0x08001db0                I2C2_ER_IRQHandler
                0x08001db0                DMA1_Channel2_IRQHandler
                0x08001db0                CAN1_SCE_IRQHandler
                0x08001db0                FLASH_IRQHandler
                0x08001db0                I2C1_ER_IRQHandler
                0x08001db0                USBWakeUp_IRQHandler
 .text.DHT11_Init
                0x08001db2       0x32 ./Core/lib/DHT11/DHT11.o
                0x08001db2                DHT11_Init
 .text.microDelay
                0x08001de4       0x32 ./Core/lib/DHT11/DHT11.o
 *fill*         0x08001e16        0x2 
 .text.DHT11_Start
                0x08001e18      0x118 ./Core/lib/DHT11/DHT11.o
 .text.DHT11_Read
                0x08001f30      0x10c ./Core/lib/DHT11/DHT11.o
 .text.DHT11_Read_Data
                0x0800203c       0x78 ./Core/lib/DHT11/DHT11.o
                0x0800203c                DHT11_Read_Data
 .text.ssd1306_Reset
                0x080020b4        0xc ./Core/lib/ssd1306/ssd1306.o
                0x080020b4                ssd1306_Reset
 .text.ssd1306_WriteCommand
                0x080020c0       0x30 ./Core/lib/ssd1306/ssd1306.o
                0x080020c0                ssd1306_WriteCommand
 .text.ssd1306_WriteData
                0x080020f0       0x34 ./Core/lib/ssd1306/ssd1306.o
                0x080020f0                ssd1306_WriteData
 .text.ssd1306_Init
                0x08002124       0xd4 ./Core/lib/ssd1306/ssd1306.o
                0x08002124                ssd1306_Init
 .text.ssd1306_Fill
                0x080021f8       0x30 ./Core/lib/ssd1306/ssd1306.o
                0x080021f8                ssd1306_Fill
 .text.ssd1306_UpdateScreen
                0x08002228       0x50 ./Core/lib/ssd1306/ssd1306.o
                0x08002228                ssd1306_UpdateScreen
 .text.ssd1306_DrawPixel
                0x08002278       0xa4 ./Core/lib/ssd1306/ssd1306.o
                0x08002278                ssd1306_DrawPixel
 .text.ssd1306_WriteChar
                0x0800231c      0x124 ./Core/lib/ssd1306/ssd1306.o
                0x0800231c                ssd1306_WriteChar
 .text.ssd1306_WriteString
                0x08002440       0x4c ./Core/lib/ssd1306/ssd1306.o
                0x08002440                ssd1306_WriteString
 .text.ssd1306_SetCursor
                0x0800248c       0x30 ./Core/lib/ssd1306/ssd1306.o
                0x0800248c                ssd1306_SetCursor
 .text.ssd1306_SetContrast
                0x080024bc       0x26 ./Core/lib/ssd1306/ssd1306.o
                0x080024bc                ssd1306_SetContrast
 *fill*         0x080024e2        0x2 
 .text.ssd1306_SetDisplayOn
                0x080024e4       0x3c ./Core/lib/ssd1306/ssd1306.o
                0x080024e4                ssd1306_SetDisplayOn
 .text.HAL_Init
                0x08002520       0x2c ./Drivers/STM32F1xx_HAL_Driver/Src/stm32f1xx_hal.o
                0x08002520                HAL_Init
 .text.HAL_InitTick
                0x0800254c       0x60 ./Drivers/STM32F1xx_HAL_Driver/Src/stm32f1xx_hal.o
                0x0800254c                HAL_InitTick
 .text.HAL_IncTick
                0x080025ac       0x24 ./Drivers/STM32F1xx_HAL_Driver/Src/stm32f1xx_hal.o
                0x080025ac                HAL_IncTick
 .text.HAL_GetTick
                0x080025d0       0x14 ./Drivers/STM32F1xx_HAL_Driver/Src/stm32f1xx_hal.o
                0x080025d0                HAL_GetTick
 .text.HAL_Delay
                0x080025e4       0x48 ./Drivers/STM32F1xx_HAL_Driver/Src/stm32f1xx_hal.o
                0x080025e4                HAL_Delay
 .text.HAL_ADC_Init
                0x0800262c      0x1b0 ./Drivers/STM32F1xx_HAL_Driver/Src/stm32f1xx_hal_adc.o
                0x0800262c                HAL_ADC_Init
 .text.HAL_ADC_Start
                0x080027dc      0x15c ./Drivers/STM32F1xx_HAL_Driver/Src/stm32f1xx_hal_adc.o
                0x080027dc                HAL_ADC_Start
 .text.HAL_ADC_Stop
                0x08002938       0x58 ./Drivers/STM32F1xx_HAL_Driver/Src/stm32f1xx_hal_adc.o
                0x08002938                HAL_ADC_Stop
 .text.HAL_ADC_PollForConversion
                0x08002990      0x20c ./Drivers/STM32F1xx_HAL_Driver/Src/stm32f1xx_hal_adc.o
                0x08002990                HAL_ADC_PollForConversion
 .text.HAL_ADC_GetValue
                0x08002b9c       0x18 ./Drivers/STM32F1xx_HAL_Driver/Src/stm32f1xx_hal_adc.o
                0x08002b9c                HAL_ADC_GetValue
 .text.HAL_ADC_ConfigChannel
                0x08002bb4      0x1f0 ./Drivers/STM32F1xx_HAL_Driver/Src/stm32f1xx_hal_adc.o
                0x08002bb4                HAL_ADC_ConfigChannel
 .text.ADC_Enable
                0x08002da4       0xb4 ./Drivers/STM32F1xx_HAL_Driver/Src/stm32f1xx_hal_adc.o
                0x08002da4                ADC_Enable
 .text.ADC_ConversionStop_Disable
                0x08002e58       0x82 ./Drivers/STM32F1xx_HAL_Driver/Src/stm32f1xx_hal_adc.o
                0x08002e58                ADC_ConversionStop_Disable
 *fill*         0x08002eda        0x2 
 .text.__NVIC_SetPriorityGrouping
                0x08002edc       0x48 ./Drivers/STM32F1xx_HAL_Driver/Src/stm32f1xx_hal_cortex.o
 .text.__NVIC_GetPriorityGrouping
                0x08002f24       0x1c ./Drivers/STM32F1xx_HAL_Driver/Src/stm32f1xx_hal_cortex.o
 .text.__NVIC_EnableIRQ
                0x08002f40       0x38 ./Drivers/STM32F1xx_HAL_Driver/Src/stm32f1xx_hal_cortex.o
 .text.__NVIC_SetPriority
                0x08002f78       0x54 ./Drivers/STM32F1xx_HAL_Driver/Src/stm32f1xx_hal_cortex.o
 .text.NVIC_EncodePriority
                0x08002fcc       0x64 ./Drivers/STM32F1xx_HAL_Driver/Src/stm32f1xx_hal_cortex.o
 .text.SysTick_Config
                0x08003030       0x44 ./Drivers/STM32F1xx_HAL_Driver/Src/stm32f1xx_hal_cortex.o
 .text.HAL_NVIC_SetPriorityGrouping
                0x08003074       0x16 ./Drivers/STM32F1xx_HAL_Driver/Src/stm32f1xx_hal_cortex.o
                0x08003074                HAL_NVIC_SetPriorityGrouping
 .text.HAL_NVIC_SetPriority
                0x0800308a       0x38 ./Drivers/STM32F1xx_HAL_Driver/Src/stm32f1xx_hal_cortex.o
                0x0800308a                HAL_NVIC_SetPriority
 .text.HAL_NVIC_EnableIRQ
                0x080030c2       0x1c ./Drivers/STM32F1xx_HAL_Driver/Src/stm32f1xx_hal_cortex.o
                0x080030c2                HAL_NVIC_EnableIRQ
 .text.HAL_SYSTICK_Config
                0x080030de       0x18 ./Drivers/STM32F1xx_HAL_Driver/Src/stm32f1xx_hal_cortex.o
                0x080030de                HAL_SYSTICK_Config
 .text.HAL_DMA_Abort
                0x080030f6       0x76 ./Drivers/STM32F1xx_HAL_Driver/Src/stm32f1xx_hal_dma.o
                0x080030f6                HAL_DMA_Abort
 .text.HAL_DMA_Abort_IT
                0x0800316c       0xf0 ./Drivers/STM32F1xx_HAL_Driver/Src/stm32f1xx_hal_dma.o
                0x0800316c                HAL_DMA_Abort_IT
 .text.HAL_GPIO_Init
                0x0800325c      0x308 ./Drivers/STM32F1xx_HAL_Driver/Src/stm32f1xx_hal_gpio.o
                0x0800325c                HAL_GPIO_Init
 .text.HAL_GPIO_ReadPin
                0x08003564       0x2e ./Drivers/STM32F1xx_HAL_Driver/Src/stm32f1xx_hal_gpio.o
                0x08003564                HAL_GPIO_ReadPin
 .text.HAL_GPIO_WritePin
                0x08003592       0x30 ./Drivers/STM32F1xx_HAL_Driver/Src/stm32f1xx_hal_gpio.o
                0x08003592                HAL_GPIO_WritePin
 *fill*         0x080035c2        0x2 
 .text.HAL_I2C_Init
                0x080035c4      0x288 ./Drivers/STM32F1xx_HAL_Driver/Src/stm32f1xx_hal_i2c.o
                0x080035c4                HAL_I2C_Init
 .text.HAL_I2C_Mem_Write
                0x0800384c      0x1f4 ./Drivers/STM32F1xx_HAL_Driver/Src/stm32f1xx_hal_i2c.o
                0x0800384c                HAL_I2C_Mem_Write
 .text.I2C_RequestMemoryWrite
                0x08003a40      0x12c ./Drivers/STM32F1xx_HAL_Driver/Src/stm32f1xx_hal_i2c.o
 .text.I2C_WaitOnFlagUntilTimeout
                0x08003b6c       0xf4 ./Drivers/STM32F1xx_HAL_Driver/Src/stm32f1xx_hal_i2c.o
 .text.I2C_WaitOnMasterAddressFlagUntilTimeout
                0x08003c60      0x140 ./Drivers/STM32F1xx_HAL_Driver/Src/stm32f1xx_hal_i2c.o
 .text.I2C_WaitOnTXEFlagUntilTimeout
                0x08003da0       0x90 ./Drivers/STM32F1xx_HAL_Driver/Src/stm32f1xx_hal_i2c.o
 .text.I2C_WaitOnBTFFlagUntilTimeout
                0x08003e30       0x90 ./Drivers/STM32F1xx_HAL_Driver/Src/stm32f1xx_hal_i2c.o
 .text.I2C_IsAcknowledgeFailed
                0x08003ec0       0x5c ./Drivers/STM32F1xx_HAL_Driver/Src/stm32f1xx_hal_i2c.o
 .text.HAL_RCC_OscConfig
                0x08003f1c      0x504 ./Drivers/STM32F1xx_HAL_Driver/Src/stm32f1xx_hal_rcc.o
                0x08003f1c                HAL_RCC_OscConfig
 .text.HAL_RCC_ClockConfig
                0x08004420      0x1d4 ./Drivers/STM32F1xx_HAL_Driver/Src/stm32f1xx_hal_rcc.o
                0x08004420                HAL_RCC_ClockConfig
 .text.HAL_RCC_GetSysClockFreq
                0x080045f4       0xa8 ./Drivers/STM32F1xx_HAL_Driver/Src/stm32f1xx_hal_rcc.o
                0x080045f4                HAL_RCC_GetSysClockFreq
 .text.HAL_RCC_GetHCLKFreq
                0x0800469c       0x14 ./Drivers/STM32F1xx_HAL_Driver/Src/stm32f1xx_hal_rcc.o
                0x0800469c                HAL_RCC_GetHCLKFreq
 .text.HAL_RCC_GetPCLK1Freq
                0x080046b0       0x28 ./Drivers/STM32F1xx_HAL_Driver/Src/stm32f1xx_hal_rcc.o
                0x080046b0                HAL_RCC_GetPCLK1Freq
 .text.HAL_RCC_GetPCLK2Freq
                0x080046d8       0x28 ./Drivers/STM32F1xx_HAL_Driver/Src/stm32f1xx_hal_rcc.o
                0x080046d8                HAL_RCC_GetPCLK2Freq
 .text.RCC_Delay
                0x08004700       0x3c ./Drivers/STM32F1xx_HAL_Driver/Src/stm32f1xx_hal_rcc.o
 .text.HAL_RCCEx_PeriphCLKConfig
                0x0800473c      0x16c ./Drivers/STM32F1xx_HAL_Driver/Src/stm32f1xx_hal_rcc_ex.o
                0x0800473c                HAL_RCCEx_PeriphCLKConfig
 .text.HAL_RCCEx_GetPeriphCLKFreq
                0x080048a8      0x16c ./Drivers/STM32F1xx_HAL_Driver/Src/stm32f1xx_hal_rcc_ex.o
                0x080048a8                HAL_RCCEx_GetPeriphCLKFreq
 .text.HAL_TIM_Base_Init
                0x08004a14       0x9e ./Drivers/STM32F1xx_HAL_Driver/Src/stm32f1xx_hal_tim.o
                0x08004a14                HAL_TIM_Base_Init
 *fill*         0x08004ab2        0x2 
 .text.HAL_TIM_Base_Start
                0x08004ab4       0x94 ./Drivers/STM32F1xx_HAL_Driver/Src/stm32f1xx_hal_tim.o
                0x08004ab4                HAL_TIM_Base_Start
 .text.HAL_TIM_ConfigClockSource
                0x08004b48      0x18e ./Drivers/STM32F1xx_HAL_Driver/Src/stm32f1xx_hal_tim.o
                0x08004b48                HAL_TIM_ConfigClockSource
 *fill*         0x08004cd6        0x2 
 .text.TIM_Base_SetConfig
                0x08004cd8       0xdc ./Drivers/STM32F1xx_HAL_Driver/Src/stm32f1xx_hal_tim.o
                0x08004cd8                TIM_Base_SetConfig
 .text.TIM_TI1_ConfigInputStage
                0x08004db4       0x5c ./Drivers/STM32F1xx_HAL_Driver/Src/stm32f1xx_hal_tim.o
 .text.TIM_TI2_ConfigInputStage
                0x08004e10       0x5e ./Drivers/STM32F1xx_HAL_Driver/Src/stm32f1xx_hal_tim.o
 .text.TIM_ITRx_SetConfig
                0x08004e6e       0x34 ./Drivers/STM32F1xx_HAL_Driver/Src/stm32f1xx_hal_tim.o
 .text.TIM_ETR_SetConfig
                0x08004ea2       0x3e ./Drivers/STM32F1xx_HAL_Driver/Src/stm32f1xx_hal_tim.o
                0x08004ea2                TIM_ETR_SetConfig
 .text.HAL_TIMEx_MasterConfigSynchronization
                0x08004ee0       0xbc ./Drivers/STM32F1xx_HAL_Driver/Src/stm32f1xx_hal_tim_ex.o
                0x08004ee0                HAL_TIMEx_MasterConfigSynchronization
 .text.HAL_UART_Init
                0x08004f9c       0xa0 ./Drivers/STM32F1xx_HAL_Driver/Src/stm32f1xx_hal_uart.o
                0x08004f9c                HAL_UART_Init
 .text.HAL_UART_Transmit
                0x0800503c      0x116 ./Drivers/STM32F1xx_HAL_Driver/Src/stm32f1xx_hal_uart.o
                0x0800503c                HAL_UART_Transmit
 .text.HAL_UART_Receive
                0x08005152      0x12e ./Drivers/STM32F1xx_HAL_Driver/Src/stm32f1xx_hal_uart.o
                0x08005152                HAL_UART_Receive
 .text.HAL_UART_Receive_IT
                0x08005280       0x4a ./Drivers/STM32F1xx_HAL_Driver/Src/stm32f1xx_hal_uart.o
                0x08005280                HAL_UART_Receive_IT
 *fill*         0x080052ca        0x2 
 .text.HAL_UART_IRQHandler
                0x080052cc      0x524 ./Drivers/STM32F1xx_HAL_Driver/Src/stm32f1xx_hal_uart.o
                0x080052cc                HAL_UART_IRQHandler
 .text.HAL_UART_TxCpltCallback
                0x080057f0       0x12 ./Drivers/STM32F1xx_HAL_Driver/Src/stm32f1xx_hal_uart.o
                0x080057f0                HAL_UART_TxCpltCallback
 .text.HAL_UART_ErrorCallback
                0x08005802       0x12 ./Drivers/STM32F1xx_HAL_Driver/Src/stm32f1xx_hal_uart.o
                0x08005802                HAL_UART_ErrorCallback
 .text.HAL_UARTEx_RxEventCallback
                0x08005814       0x16 ./Drivers/STM32F1xx_HAL_Driver/Src/stm32f1xx_hal_uart.o
                0x08005814                HAL_UARTEx_RxEventCallback
 .text.UART_WaitOnFlagUntilTimeout
                0x0800582a       0xb2 ./Drivers/STM32F1xx_HAL_Driver/Src/stm32f1xx_hal_uart.o
 .text.UART_Start_Receive_IT
                0x080058dc       0x72 ./Drivers/STM32F1xx_HAL_Driver/Src/stm32f1xx_hal_uart.o
                0x080058dc                UART_Start_Receive_IT
 .text.UART_EndRxTransfer
                0x0800594e       0xc4 ./Drivers/STM32F1xx_HAL_Driver/Src/stm32f1xx_hal_uart.o
 .text.UART_DMAAbortOnError
                0x08005a12       0x28 ./Drivers/STM32F1xx_HAL_Driver/Src/stm32f1xx_hal_uart.o
 .text.UART_Transmit_IT
                0x08005a3a       0x9e ./Drivers/STM32F1xx_HAL_Driver/Src/stm32f1xx_hal_uart.o
 .text.UART_EndTransmit_IT
                0x08005ad8       0x30 ./Drivers/STM32F1xx_HAL_Driver/Src/stm32f1xx_hal_uart.o
 .text.UART_Receive_IT
                0x08005b08      0x17c ./Drivers/STM32F1xx_HAL_Driver/Src/stm32f1xx_hal_uart.o
 .text.UART_SetConfig
                0x08005c84      0x11c ./Drivers/STM32F1xx_HAL_Driver/Src/stm32f1xx_hal_uart.o
 .text.atoi     0x08005da0        0x8 D:/STM32/STM32CubeIDE_2.0.0/STM32CubeIDE/plugins/com.st.stm32cube.ide.mcu.externaltools.gnu-tools-for-stm32.13.3.rel1.win32_1.0.100.202509120712/tools/bin/../lib/gcc/arm-none-eabi/13.3.1/../../../../arm-none-eabi/lib/thumb/v7-m/nofp\libc_nano.a(libc_a-atoi.o)
                0x08005da0                atoi
 .text._strtol_l.isra.0
                0x08005da8       0xf4 D:/STM32/STM32CubeIDE_2.0.0/STM32CubeIDE/plugins/com.st.stm32cube.ide.mcu.externaltools.gnu-tools-for-stm32.13.3.rel1.win32_1.0.100.202509120712/tools/bin/../lib/gcc/arm-none-eabi/13.3.1/../../../../arm-none-eabi/lib/thumb/v7-m/nofp\libc_nano.a(libc_a-strtol.o)
 .text.strtol   0x08005e9c       0x14 D:/STM32/STM32CubeIDE_2.0.0/STM32CubeIDE/plugins/com.st.stm32cube.ide.mcu.externaltools.gnu-tools-for-stm32.13.3.rel1.win32_1.0.100.202509120712/tools/bin/../lib/gcc/arm-none-eabi/13.3.1/../../../../arm-none-eabi/lib/thumb/v7-m/nofp\libc_nano.a(libc_a-strtol.o)
                0x08005e9c                strtol
 .text.sprintf  0x08005eb0       0x44 D:/STM32/STM32CubeIDE_2.0.0/STM32CubeIDE/plugins/com.st.stm32cube.ide.mcu.externaltools.gnu-tools-for-stm32.13.3.rel1.win32_1.0.100.202509120712/tools/bin/../lib/gcc/arm-none-eabi/13.3.1/../../../../arm-none-eabi/lib/thumb/v7-m/nofp\libc_nano.a(libc_a-sprintf.o)
                0x08005eb0                siprintf
                0x08005eb0                sprintf
 .text.memmove  0x08005ef4       0x34 D:/STM32/STM32CubeIDE_2.0.0/STM32CubeIDE/plugins/com.st.stm32cube.ide.mcu.externaltools.gnu-tools-for-stm32.13.3.rel1.win32_1.0.100.202509120712/tools/bin/../lib/gcc/arm-none-eabi/13.3.1/../../../../arm-none-eabi/lib/thumb/v7-m/nofp\libc_nano.a(libc_a-memmove.o)
                0x08005ef4                memmove
 .text.memset   0x08005f28       0x10 D:/STM32/STM32CubeIDE_2.0.0/STM32CubeIDE/plugins/com.st.stm32cube.ide.mcu.externaltools.gnu-tools-for-stm32.13.3.rel1.win32_1.0.100.202509120712/tools/bin/../lib/gcc/arm-none-eabi/13.3.1/../../../../arm-none-eabi/lib/thumb/v7-m/nofp\libc_nano.a(libc_a-memset.o)
                0x08005f28                memset
 .text.__errno  0x08005f38        0xc D:/STM32/STM32CubeIDE_2.0.0/STM32CubeIDE/plugins/com.st.stm32cube.ide.mcu.externaltools.gnu-tools-for-stm32.13.3.rel1.win32_1.0.100.202509120712/tools/bin/../lib/gcc/arm-none-eabi/13.3.1/../../../../arm-none-eabi/lib/thumb/v7-m/nofp\libc_nano.a(libc_a-errno.o)
                0x08005f38                __errno
 .text.__libc_init_array
                0x08005f44       0x48 D:/STM32/STM32CubeIDE_2.0.0/STM32CubeIDE/plugins/com.st.stm32cube.ide.mcu.externaltools.gnu-tools-for-stm32.13.3.rel1.win32_1.0.100.202509120712/tools/bin/../lib/gcc/arm-none-eabi/13.3.1/../../../../arm-none-eabi/lib/thumb/v7-m/nofp\libc_nano.a(libc_a-init.o)
                0x08005f44                __libc_init_array
 .text.__retarget_lock_acquire_recursive
                0x08005f8c        0x2 D:/STM32/STM32CubeIDE_2.0.0/STM32CubeIDE/plugins/com.st.stm32cube.ide.mcu.externaltools.gnu-tools-for-stm32.13.3.rel1.win32_1.0.100.202509120712/tools/bin/../lib/gcc/arm-none-eabi/13.3.1/../../../../arm-none-eabi/lib/thumb/v7-m/nofp\libc_nano.a(libc_a-lock.o)
                0x08005f8c                __retarget_lock_acquire_recursive
 .text.__retarget_lock_release_recursive
                0x08005f8e        0x2 D:/STM32/STM32CubeIDE_2.0.0/STM32CubeIDE/plugins/com.st.stm32cube.ide.mcu.externaltools.gnu-tools-for-stm32.13.3.rel1.win32_1.0.100.202509120712/tools/bin/../lib/gcc/arm-none-eabi/13.3.1/../../../../arm-none-eabi/lib/thumb/v7-m/nofp\libc_nano.a(libc_a-lock.o)
                0x08005f8e                __retarget_lock_release_recursive
 .text.memcpy   0x08005f90       0x1c D:/STM32/STM32CubeIDE_2.0.0/STM32CubeIDE/plugins/com.st.stm32cube.ide.mcu.externaltools.gnu-tools-for-stm32.13.3.rel1.win32_1.0.100.202509120712/tools/bin/../lib/gcc/arm-none-eabi/13.3.1/../../../../arm-none-eabi/lib/thumb/v7-m/nofp\libc_nano.a(libc_a-memcpy-stub.o)
                0x08005f90                memcpy
 .text._free_r  0x08005fac       0x90 D:/STM32/STM32CubeIDE_2.0.0/STM32CubeIDE/plugins/com.st.stm32cube.ide.mcu.externaltools.gnu-tools-for-stm32.13.3.rel1.win32_1.0.100.202509120712/tools/bin/../lib/gcc/arm-none-eabi/13.3.1/../../../../arm-none-eabi/lib/thumb/v7-m/nofp\libc_nano.a(libc_a-freer.o)
                0x08005fac                _free_r
 .text.sbrk_aligned
                0x0800603c       0x44 D:/STM32/STM32CubeIDE_2.0.0/STM32CubeIDE/plugins/com.st.stm32cube.ide.mcu.externaltools.gnu-tools-for-stm32.13.3.rel1.win32_1.0.100.202509120712/tools/bin/../lib/gcc/arm-none-eabi/13.3.1/../../../../arm-none-eabi/lib/thumb/v7-m/nofp\libc_nano.a(libc_a-mallocr.o)
 .text._malloc_r
                0x08006080      0x100 D:/STM32/STM32CubeIDE_2.0.0/STM32CubeIDE/plugins/com.st.stm32cube.ide.mcu.externaltools.gnu-tools-for-stm32.13.3.rel1.win32_1.0.100.202509120712/tools/bin/../lib/gcc/arm-none-eabi/13.3.1/../../../../arm-none-eabi/lib/thumb/v7-m/nofp\libc_nano.a(libc_a-mallocr.o)
                0x08006080                _malloc_r
 .text.__malloc_lock
                0x08006180        0xc D:/STM32/STM32CubeIDE_2.0.0/STM32CubeIDE/plugins/com.st.stm32cube.ide.mcu.externaltools.gnu-tools-for-stm32.13.3.rel1.win32_1.0.100.202509120712/tools/bin/../lib/gcc/arm-none-eabi/13.3.1/../../../../arm-none-eabi/lib/thumb/v7-m/nofp\libc_nano.a(libc_a-mlock.o)
                0x08006180                __malloc_lock
 .text.__malloc_unlock
                0x0800618c        0xc D:/STM32/STM32CubeIDE_2.0.0/STM32CubeIDE/plugins/com.st.stm32cube.ide.mcu.externaltools.gnu-tools-for-stm32.13.3.rel1.win32_1.0.100.202509120712/tools/bin/../lib/gcc/arm-none-eabi/13.3.1/../../../../arm-none-eabi/lib/thumb/v7-m/nofp\libc_nano.a(libc_a-mlock.o)
                0x0800618c                __malloc_unlock
 .text.__ssputs_r
                0x08006198       0xb6 D:/STM32/STM32CubeIDE_2.0.0/STM32CubeIDE/plugins/com.st.stm32cube.ide.mcu.externaltools.gnu-tools-for-stm32.13.3.rel1.win32_1.0.100.202509120712/tools/bin/../lib/gcc/arm-none-eabi/13.3.1/../../../../arm-none-eabi/lib/thumb/v7-m/nofp\libc_nano.a(libc_a-nano-svfprintf.o)
                0x08006198                __ssputs_r
 *fill*         0x0800624e        0x2 
 .text._svfprintf_r
                0x08006250      0x1f8 D:/STM32/STM32CubeIDE_2.0.0/STM32CubeIDE/plugins/com.st.stm32cube.ide.mcu.externaltools.gnu-tools-for-stm32.13.3.rel1.win32_1.0.100.202509120712/tools/bin/../lib/gcc/arm-none-eabi/13.3.1/../../../../arm-none-eabi/lib/thumb/v7-m/nofp\libc_nano.a(libc_a-nano-svfprintf.o)
                0x08006250                _svfiprintf_r
                0x08006250                _svfprintf_r
 .text._printf_common
                0x08006448       0xe4 D:/STM32/STM32CubeIDE_2.0.0/STM32CubeIDE/plugins/com.st.stm32cube.ide.mcu.externaltools.gnu-tools-for-stm32.13.3.rel1.win32_1.0.100.202509120712/tools/bin/../lib/gcc/arm-none-eabi/13.3.1/../../../../arm-none-eabi/lib/thumb/v7-m/nofp\libc_nano.a(libc_a-nano-vfprintf_i.o)
                0x08006448                _printf_common
 .text._printf_i
                0x0800652c      0x23c D:/STM32/STM32CubeIDE_2.0.0/STM32CubeIDE/plugins/com.st.stm32cube.ide.mcu.externaltools.gnu-tools-for-stm32.13.3.rel1.win32_1.0.100.202509120712/tools/bin/../lib/gcc/arm-none-eabi/13.3.1/../../../../arm-none-eabi/lib/thumb/v7-m/nofp\libc_nano.a(libc_a-nano-vfprintf_i.o)
                0x0800652c                _printf_i
 .text._sbrk_r  0x08006768       0x20 D:/STM32/STM32CubeIDE_2.0.0/STM32CubeIDE/plugins/com.st.stm32cube.ide.mcu.externaltools.gnu-tools-for-stm32.13.3.rel1.win32_1.0.100.202509120712/tools/bin/../lib/gcc/arm-none-eabi/13.3.1/../../../../arm-none-eabi/lib/thumb/v7-m/nofp\libc_nano.a(libc_a-sbrkr.o)
                0x08006768                _sbrk_r
 .text.memchr   0x08006788       0x1c D:/STM32/STM32CubeIDE_2.0.0/STM32CubeIDE/plugins/com.st.stm32cube.ide.mcu.externaltools.gnu-tools-for-stm32.13.3.rel1.win32_1.0.100.202509120712/tools/bin/../lib/gcc/arm-none-eabi/13.3.1/../../../../arm-none-eabi/lib/thumb/v7-m/nofp\libc_nano.a(libc_a-memchr-stub.o)
                0x08006788                memchr
 .text._realloc_r
                0x080067a4       0x5c D:/STM32/STM32CubeIDE_2.0.0/STM32CubeIDE/plugins/com.st.stm32cube.ide.mcu.externaltools.gnu-tools-for-stm32.13.3.rel1.win32_1.0.100.202509120712/tools/bin/../lib/gcc/arm-none-eabi/13.3.1/../../../../arm-none-eabi/lib/thumb/v7-m/nofp\libc_nano.a(libc_a-reallocr.o)
                0x080067a4                _realloc_r
 .text._malloc_usable_size_r
                0x08006800       0x10 D:/STM32/STM32CubeIDE_2.0.0/STM32CubeIDE/plugins/com.st.stm32cube.ide.mcu.externaltools.gnu-tools-for-stm32.13.3.rel1.win32_1.0.100.202509120712/tools/bin/../lib/gcc/arm-none-eabi/13.3.1/../../../../arm-none-eabi/lib/thumb/v7-m/nofp\libc_nano.a(libc_a-msizer.o)
                0x08006800                _malloc_usable_size_r
 *(.glue_7)
 .glue_7        0x08006810        0x0 linker stubs
 *(.glue_7t)
 .glue_7t       0x08006810        0x0 linker stubs
 *(.eh_frame)
 .eh_frame      0x08006810        0x0 D:/STM32/STM32CubeIDE_2.0.0/STM32CubeIDE/plugins/com.st.stm32cube.ide.mcu.externaltools.gnu-tools-for-stm32.13.3.rel1.win32_1.0.100.202509120712/tools/bin/../lib/gcc/arm-none-eabi/13.3.1/thumb/v7-m/nofp/crtbegin.o
 *(.init)
 .init          0x08006810        0x4 D:/STM32/STM32CubeIDE_2.0.0/STM32CubeIDE/plugins/com.st.stm32cube.ide.mcu.externaltools.gnu-tools-for-stm32.13.3.rel1.win32_1.0.100.202509120712/tools/bin/../lib/gcc/arm-none-eabi/13.3.1/thumb/v7-m/nofp/crti.o
                0x08006810                _init
 .init          0x08006814        0x8 D:/STM32/STM32CubeIDE_2.0.0/STM32CubeIDE/plugins/com.st.stm32cube.ide.mcu.externaltools.gnu-tools-for-stm32.13.3.rel1.win32_1.0.100.202509120712/tools/bin/../lib/gcc/arm-none-eabi/13.3.1/thumb/v7-m/nofp/crtn.o
 *(.fini)
 .fini          0x0800681c        0x4 D:/STM32/STM32CubeIDE_2.0.0/STM32CubeIDE/plugins/com.st.stm32cube.ide.mcu.externaltools.gnu-tools-for-stm32.13.3.rel1.win32_1.0.100.202509120712/tools/bin/../lib/gcc/arm-none-eabi/13.3.1/thumb/v7-m/nofp/crti.o
                0x0800681c                _fini
 .fini          0x08006820        0x8 D:/STM32/STM32CubeIDE_2.0.0/STM32CubeIDE/plugins/com.st.stm32cube.ide.mcu.externaltools.gnu-tools-for-stm32.13.3.rel1.win32_1.0.100.202509120712/tools/bin/../lib/gcc/arm-none-eabi/13.3.1/thumb/v7-m/nofp/crtn.o
                0x08006828                        . = ALIGN (0x4)
                0x08006828                        _etext = .

.vfp11_veneer   0x08006828        0x0
 .vfp11_veneer  0x08006828        0x0 linker stubs

.v4_bx          0x08006828        0x0
 .v4_bx         0x08006828        0x0 linker stubs

.iplt           0x08006828        0x0
 .iplt          0x08006828        0x0 D:/STM32/STM32CubeIDE_2.0.0/STM32CubeIDE/plugins/com.st.stm32cube.ide.mcu.externaltools.gnu-tools-for-stm32.13.3.rel1.win32_1.0.100.202509120712/tools/bin/../lib/gcc/arm-none-eabi/13.3.1/thumb/v7-m/nofp/crtbegin.o

.rodata         0x08006828     0x2320
                0x08006828                        . = ALIGN (0x4)
 *(.rodata)
 .rodata        0x08006828      0x620 ./Core/Modules/pc_serial_com/pc_serial_com.o
 .rodata        0x08006e48       0xaf ./Core/Modules/user_interface/user_interface.o
 *(.rodata*)
 *fill*         0x08006ef7        0x1 
 .rodata.AHBPrescTable
                0x08006ef8       0x10 ./Core/Src/system_stm32f1xx.o
                0x08006ef8                AHBPrescTable
 .rodata.APBPrescTable
                0x08006f08        0x8 ./Core/Src/system_stm32f1xx.o
                0x08006f08                APBPrescTable
 .rodata.Font7x10
                0x08006f10      0x76c ./Core/lib/ssd1306/ssd1306_fonts.o
 .rodata.Font11x18
                0x0800767c      0xd5c ./Core/lib/ssd1306/ssd1306_fonts.o
 .rodata.Font6x8
                0x080083d8      0x5f0 ./Core/lib/ssd1306/ssd1306_fonts.o
 .rodata.Font_6x8
                0x080089c8        0xc ./Core/lib/ssd1306/ssd1306_fonts.o
                0x080089c8                Font_6x8
 .rodata.Font_7x10
                0x080089d4        0xc ./Core/lib/ssd1306/ssd1306_fonts.o
                0x080089d4                Font_7x10
 .rodata.Font_11x18
                0x080089e0        0xc ./Core/lib/ssd1306/ssd1306_fonts.o
                0x080089e0                Font_11x18
 .rodata.aPLLMULFactorTable.1
                0x080089ec       0x10 ./Drivers/STM32F1xx_HAL_Driver/Src/stm32f1xx_hal_rcc.o
 .rodata.aPredivFactorTable.0
                0x080089fc        0x2 ./Drivers/STM32F1xx_HAL_Driver/Src/stm32f1xx_hal_rcc.o
 *fill*         0x080089fe        0x2 
 .rodata.aPLLMULFactorTable.1
                0x08008a00       0x10 ./Drivers/STM32F1xx_HAL_Driver/Src/stm32f1xx_hal_rcc_ex.o
 .rodata.aPredivFactorTable.0
                0x08008a10        0x2 ./Drivers/STM32F1xx_HAL_Driver/Src/stm32f1xx_hal_rcc_ex.o
 .rodata._ctype_
                0x08008a12      0x101 D:/STM32/STM32CubeIDE_2.0.0/STM32CubeIDE/plugins/com.st.stm32cube.ide.mcu.externaltools.gnu-tools-for-stm32.13.3.rel1.win32_1.0.100.202509120712/tools/bin/../lib/gcc/arm-none-eabi/13.3.1/../../../../arm-none-eabi/lib/thumb/v7-m/nofp\libc_nano.a(libc_a-ctype_.o)
                0x08008a12                _ctype_
 .rodata._svfprintf_r.str1.1
                0x08008b13       0x33 D:/STM32/STM32CubeIDE_2.0.0/STM32CubeIDE/plugins/com.st.stm32cube.ide.mcu.externaltools.gnu-tools-for-stm32.13.3.rel1.win32_1.0.100.202509120712/tools/bin/../lib/gcc/arm-none-eabi/13.3.1/../../../../arm-none-eabi/lib/thumb/v7-m/nofp\libc_nano.a(libc_a-nano-svfprintf.o)
                                 0x11 (size before relaxing)
 .rodata._printf_i.str1.1
                0x08008b46        0x0 D:/STM32/STM32CubeIDE_2.0.0/STM32CubeIDE/plugins/com.st.stm32cube.ide.mcu.externaltools.gnu-tools-for-stm32.13.3.rel1.win32_1.0.100.202509120712/tools/bin/../lib/gcc/arm-none-eabi/13.3.1/../../../../arm-none-eabi/lib/thumb/v7-m/nofp\libc_nano.a(libc_a-nano-vfprintf_i.o)
                                 0x22 (size before relaxing)
                0x08008b48                        . = ALIGN (0x4)
 *fill*         0x08008b46        0x2 

.ARM.extab      0x08008b48        0x0
                0x08008b48                        . = ALIGN (0x4)
 *(.ARM.extab* .gnu.linkonce.armextab.*)
                0x08008b48                        . = ALIGN (0x4)

.ARM            0x08008b48        0x8
                0x08008b48                        . = ALIGN (0x4)
                0x08008b48                        __exidx_start = .
 *(.ARM.exidx*)
 .ARM.exidx     0x08008b48        0x8 D:/STM32/STM32CubeIDE_2.0.0/STM32CubeIDE/plugins/com.st.stm32cube.ide.mcu.externaltools.gnu-tools-for-stm32.13.3.rel1.win32_1.0.100.202509120712/tools/bin/../lib/gcc/arm-none-eabi/13.3.1/../../../../arm-none-eabi/lib/thumb/v7-m/nofp\libc_nano.a(libc_a-strlen.o)
                0x08008b50                        __exidx_end = .
                0x08008b50                        . = ALIGN (0x4)

.rel.dyn        0x08008b50        0x0
 .rel.iplt      0x08008b50        0x0 D:/STM32/STM32CubeIDE_2.0.0/STM32CubeIDE/plugins/com.st.stm32cube.ide.mcu.externaltools.gnu-tools-for-stm32.13.3.rel1.win32_1.0.100.202509120712/tools/bin/../lib/gcc/arm-none-eabi/13.3.1/thumb/v7-m/nofp/crtbegin.o

.preinit_array  0x08008b50        0x0
                0x08008b50                        . = ALIGN (0x4)
                0x08008b50                        PROVIDE (__preinit_array_start = .)
 *(.preinit_array*)
                0x08008b50                        PROVIDE (__preinit_array_end = .)
                0x08008b50                        . = ALIGN (0x4)

.init_array     0x08008b50        0x4
                0x08008b50                        . = ALIGN (0x4)
                0x08008b50                        PROVIDE (__init_array_start = .)
 *(SORT_BY_NAME(.init_array.*))
 *(.init_array*)
 .init_array    0x08008b50        0x4 D:/STM32/STM32CubeIDE_2.0.0/STM32CubeIDE/plugins/com.st.stm32cube.ide.mcu.externaltools.gnu-tools-for-stm32.13.3.rel1.win32_1.0.100.202509120712/tools/bin/../lib/gcc/arm-none-eabi/13.3.1/thumb/v7-m/nofp/crtbegin.o
                0x08008b54                        PROVIDE (__init_array_end = .)
                0x08008b54                        . = ALIGN (0x4)

.fini_array     0x08008b54        0x4
                0x08008b54                        . = ALIGN (0x4)
                [!provide]                        PROVIDE (__fini_array_start = .)
 *(SORT_BY_NAME(.fini_array.*))
 *(.fini_array*)
 .fini_array    0x08008b54        0x4 D:/STM32/STM32CubeIDE_2.0.0/STM32CubeIDE/plugins/com.st.stm32cube.ide.mcu.externaltools.gnu-tools-for-stm32.13.3.rel1.win32_1.0.100.202509120712/tools/bin/../lib/gcc/arm-none-eabi/13.3.1/thumb/v7-m/nofp/crtbegin.o
                [!provide]                        PROVIDE (__fini_array_end = .)
                0x08008b58                        . = ALIGN (0x4)
                0x08008b58                        _sidata = LOADADDR (.data)

.data           0x20000000       0x6c load address 0x08008b58
                0x20000000                        . = ALIGN (0x4)
                0x20000000                        _sdata = .
 *(.data)
 *(.data*)
 .data.dark_Threshold
                0x20000000        0x2 ./Core/Modules/device_control/device_control.o
                0x20000000                dark_Threshold
 .data.bright_Threshold
                0x20000002        0x2 ./Core/Modules/device_control/device_control.o
                0x20000002                bright_Threshold
 .data.tempOnFan
                0x20000004        0x2 ./Core/Modules/device_control/device_control.o
                0x20000004                tempOnFan
 .data.tempOffFan
                0x20000006        0x2 ./Core/Modules/device_control/device_control.o
                0x20000006                tempOffFan
 .data.led1Mode
                0x20000008        0x1 ./Core/Modules/device_control/device_control.o
                0x20000008                led1Mode
 .data.led2Mode
                0x20000009        0x1 ./Core/Modules/device_control/device_control.o
                0x20000009                led2Mode
 .data.fanMode  0x2000000a        0x1 ./Core/Modules/device_control/device_control.o
                0x2000000a                fanMode
 .data.lastFanTouchState
                0x2000000b        0x1 ./Core/Modules/touch_button/touch_button.o
                0x2000000b                lastFanTouchState
 .data.lastLed1TouchState
                0x2000000c        0x1 ./Core/Modules/touch_button/touch_button.o
                0x2000000c                lastLed1TouchState
 .data.lastLed2TouchState
                0x2000000d        0x1 ./Core/Modules/touch_button/touch_button.o
                0x2000000d                lastLed2TouchState
 *fill*         0x2000000e        0x2 
 .data.SystemCoreClock
                0x20000010        0x4 ./Core/Src/system_stm32f1xx.o
                0x20000010                SystemCoreClock
 .data.uwTickPrio
                0x20000014        0x4 ./Drivers/STM32F1xx_HAL_Driver/Src/stm32f1xx_hal.o
                0x20000014                uwTickPrio
 .data.uwTickFreq
                0x20000018        0x1 ./Drivers/STM32F1xx_HAL_Driver/Src/stm32f1xx_hal.o
                0x20000018                uwTickFreq
 *fill*         0x20000019        0x3 
 .data._impure_ptr
                0x2000001c        0x4 D:/STM32/STM32CubeIDE_2.0.0/STM32CubeIDE/plugins/com.st.stm32cube.ide.mcu.externaltools.gnu-tools-for-stm32.13.3.rel1.win32_1.0.100.202509120712/tools/bin/../lib/gcc/arm-none-eabi/13.3.1/../../../../arm-none-eabi/lib/thumb/v7-m/nofp\libc_nano.a(libc_a-impure.o)
                0x2000001c                _impure_ptr
 .data._impure_data
                0x20000020       0x4c D:/STM32/STM32CubeIDE_2.0.0/STM32CubeIDE/plugins/com.st.stm32cube.ide.mcu.externaltools.gnu-tools-for-stm32.13.3.rel1.win32_1.0.100.202509120712/tools/bin/../lib/gcc/arm-none-eabi/13.3.1/../../../../arm-none-eabi/lib/thumb/v7-m/nofp\libc_nano.a(libc_a-impure.o)
                0x20000020                _impure_data
 *(.RamFunc)
 *(.RamFunc*)
                0x2000006c                        . = ALIGN (0x4)
                0x2000006c                        _edata = .

.igot.plt       0x2000006c        0x0 load address 0x08008bc4
 .igot.plt      0x2000006c        0x0 D:/STM32/STM32CubeIDE_2.0.0/STM32CubeIDE/plugins/com.st.stm32cube.ide.mcu.externaltools.gnu-tools-for-stm32.13.3.rel1.win32_1.0.100.202509120712/tools/bin/../lib/gcc/arm-none-eabi/13.3.1/thumb/v7-m/nofp/crtbegin.o
                0x2000006c                        . = ALIGN (0x4)

.bss            0x2000006c      0x76c load address 0x08008bc4
                0x2000006c                        _sbss = .
                0x2000006c                        __bss_start__ = _sbss
 *(.bss)
 .bss           0x2000006c       0x1c D:/STM32/STM32CubeIDE_2.0.0/STM32CubeIDE/plugins/com.st.stm32cube.ide.mcu.externaltools.gnu-tools-for-stm32.13.3.rel1.win32_1.0.100.202509120712/tools/bin/../lib/gcc/arm-none-eabi/13.3.1/thumb/v7-m/nofp/crtbegin.o
 *(.bss*)
 .bss.led1State
                0x20000088        0x1 ./Core/Modules/device_control/device_control.o
                0x20000088                led1State
 .bss.led2State
                0x20000089        0x1 ./Core/Modules/device_control/device_control.o
                0x20000089                led2State
 .bss.fanState  0x2000008a        0x1 ./Core/Modules/device_control/device_control.o
                0x2000008a                fanState
 *fill*         0x2000008b        0x1 
 .bss.DHT11     0x2000008c       0x10 ./Core/Modules/sensor_manager/sensor_manager.o
                0x2000008c                DHT11
 .bss.last_readLDR
                0x2000009c        0x4 ./Core/Modules/sensor_manager/sensor_manager.o
                0x2000009c                last_readLDR
 .bss.last_readDHT
                0x200000a0        0x4 ./Core/Modules/sensor_manager/sensor_manager.o
                0x200000a0                last_readDHT
 .bss.temp      0x200000a4        0x2 ./Core/Modules/sensor_manager/sensor_manager.o
                0x200000a4                temp
 .bss.humi      0x200000a6        0x2 ./Core/Modules/sensor_manager/sensor_manager.o
                0x200000a6                humi
 .bss.ldrValue  0x200000a8        0x2 ./Core/Modules/sensor_manager/sensor_manager.o
                0x200000a8                ldrValue
 *fill*         0x200000aa        0x2 
 .bss.radarBuffer
                0x200000ac       0x40 ./Core/Modules/sensor_manager/sensor_manager.o
                0x200000ac                radarBuffer
 .bss.radarIndex
                0x200000ec        0x1 ./Core/Modules/sensor_manager/sensor_manager.o
                0x200000ec                radarIndex
 .bss.presenceState
                0x200000ed        0x1 ./Core/Modules/sensor_manager/sensor_manager.o
                0x200000ed                presenceState
 .bss.movingTarget
                0x200000ee        0x1 ./Core/Modules/sensor_manager/sensor_manager.o
                0x200000ee                movingTarget
 .bss.staticTarget
                0x200000ef        0x1 ./Core/Modules/sensor_manager/sensor_manager.o
                0x200000ef                staticTarget
 .bss.lastFanDebounceTime
                0x200000f0        0x4 ./Core/Modules/touch_button/touch_button.o
                0x200000f0                lastFanDebounceTime
 .bss.lastLed1DebounceTime
                0x200000f4        0x4 ./Core/Modules/touch_button/touch_button.o
                0x200000f4                lastLed1DebounceTime
 .bss.lastLed2DebounceTime
                0x200000f8        0x4 ./Core/Modules/touch_button/touch_button.o
                0x200000f8                lastLed2DebounceTime
 .bss.lastFanTapTime
                0x200000fc        0x4 ./Core/Modules/touch_button/touch_button.o
                0x200000fc                lastFanTapTime
 .bss.fanTapCount
                0x20000100        0x1 ./Core/Modules/touch_button/touch_button.o
                0x20000100                fanTapCount
 *fill*         0x20000101        0x3 
 .bss.lastLed1TapTime
                0x20000104        0x4 ./Core/Modules/touch_button/touch_button.o
                0x20000104                lastLed1TapTime
 .bss.led1TapCount
                0x20000108        0x1 ./Core/Modules/touch_button/touch_button.o
                0x20000108                led1TapCount
 *fill*         0x20000109        0x3 
 .bss.lastLed2TapTime
                0x2000010c        0x4 ./Core/Modules/touch_button/touch_button.o
                0x2000010c                lastLed2TapTime
 .bss.led2TapCount
                0x20000110        0x1 ./Core/Modules/touch_button/touch_button.o
                0x20000110                led2TapCount
 *fill*         0x20000111        0x3 
 .bss.last_oled
                0x20000114        0x4 ./Core/Modules/user_interface/user_interface.o
 .bss.hadc1     0x20000118       0x30 ./Core/Src/main.o
                0x20000118                hadc1
 .bss.hi2c1     0x20000148       0x54 ./Core/Src/main.o
                0x20000148                hi2c1
 .bss.htim1     0x2000019c       0x48 ./Core/Src/main.o
                0x2000019c                htim1
 .bss.huart1    0x200001e4       0x48 ./Core/Src/main.o
                0x200001e4                huart1
 .bss.huart2    0x2000022c       0x48 ./Core/Src/main.o
                0x2000022c                huart2
 .bss.radarRxByte
                0x20000274        0x1 ./Core/Src/main.o
                0x20000274                radarRxByte
 .bss.rxByte    0x20000275        0x1 ./Core/Src/main.o
                0x20000275                rxByte
 *fill*         0x20000276        0x2 
 .bss.__sbrk_heap_end
                0x20000278        0x4 ./Core/Src/sysmem.o
 .bss.pMillis   0x2000027c        0x4 ./Core/lib/DHT11/DHT11.o
 .bss.cMillis   0x20000280        0x4 ./Core/lib/DHT11/DHT11.o
 .bss.SSD1306_Buffer
                0x20000284      0x400 ./Core/lib/ssd1306/ssd1306.o
 .bss.SSD1306   0x20000684        0x6 ./Core/lib/ssd1306/ssd1306.o
 *fill*         0x2000068a        0x2 
 .bss.uwTick    0x2000068c        0x4 ./Drivers/STM32F1xx_HAL_Driver/Src/stm32f1xx_hal.o
                0x2000068c                uwTick
 .bss.__sf      0x20000690      0x138 D:/STM32/STM32CubeIDE_2.0.0/STM32CubeIDE/plugins/com.st.stm32cube.ide.mcu.externaltools.gnu-tools-for-stm32.13.3.rel1.win32_1.0.100.202509120712/tools/bin/../lib/gcc/arm-none-eabi/13.3.1/../../../../arm-none-eabi/lib/thumb/v7-m/nofp\libc_nano.a(libc_a-findfp.o)
                0x20000690                __sf
 .bss.errno     0x200007c8        0x4 D:/STM32/STM32CubeIDE_2.0.0/STM32CubeIDE/plugins/com.st.stm32cube.ide.mcu.externaltools.gnu-tools-for-stm32.13.3.rel1.win32_1.0.100.202509120712/tools/bin/../lib/gcc/arm-none-eabi/13.3.1/../../../../arm-none-eabi/lib/thumb/v7-m/nofp\libc_nano.a(libc_a-reent.o)
                0x200007c8                errno
 .bss.__lock___malloc_recursive_mutex
                0x200007cc        0x1 D:/STM32/STM32CubeIDE_2.0.0/STM32CubeIDE/plugins/com.st.stm32cube.ide.mcu.externaltools.gnu-tools-for-stm32.13.3.rel1.win32_1.0.100.202509120712/tools/bin/../lib/gcc/arm-none-eabi/13.3.1/../../../../arm-none-eabi/lib/thumb/v7-m/nofp\libc_nano.a(libc_a-lock.o)
                0x200007cc                __lock___malloc_recursive_mutex
 *fill*         0x200007cd        0x3 
 .bss.__malloc_sbrk_start
                0x200007d0        0x4 D:/STM32/STM32CubeIDE_2.0.0/STM32CubeIDE/plugins/com.st.stm32cube.ide.mcu.externaltools.gnu-tools-for-stm32.13.3.rel1.win32_1.0.100.202509120712/tools/bin/../lib/gcc/arm-none-eabi/13.3.1/../../../../arm-none-eabi/lib/thumb/v7-m/nofp\libc_nano.a(libc_a-mallocr.o)
                0x200007d0                __malloc_sbrk_start
 .bss.__malloc_free_list
                0x200007d4        0x4 D:/STM32/STM32CubeIDE_2.0.0/STM32CubeIDE/plugins/com.st.stm32cube.ide.mcu.externaltools.gnu-tools-for-stm32.13.3.rel1.win32_1.0.100.202509120712/tools/bin/../lib/gcc/arm-none-eabi/13.3.1/../../../../arm-none-eabi/lib/thumb/v7-m/nofp\libc_nano.a(libc_a-mallocr.o)
                0x200007d4                __malloc_free_list
 *(COMMON)
                0x200007d8                        . = ALIGN (0x4)
                0x200007d8                        _ebss = .
                0x200007d8                        __bss_end__ = _ebss

._user_heap_stack
                0x200007d8      0x600 load address 0x08008bc4
                0x200007d8                        . = ALIGN (0x8)
                [!provide]                        PROVIDE (end = .)
                0x200007d8                        PROVIDE (_end = .)
                0x200009d8                        . = (. + _Min_Heap_Size)
 *fill*         0x200007d8      0x200 
                0x20000dd8                        . = (. + _Min_Stack_Size)
 *fill*         0x200009d8      0x400 
                0x20000dd8                        . = ALIGN (0x8)

/DISCARD/
 libc.a(*)
 libm.a(*)
 libgcc.a(*)

.ARM.attributes
                0x00000000       0x29
 *(.ARM.attributes)
 .ARM.attributes
                0x00000000       0x1d D:/STM32/STM32CubeIDE_2.0.0/STM32CubeIDE/plugins/com.st.stm32cube.ide.mcu.externaltools.gnu-tools-for-stm32.13.3.rel1.win32_1.0.100.202509120712/tools/bin/../lib/gcc/arm-none-eabi/13.3.1/thumb/v7-m/nofp/crti.o
 .ARM.attributes
                0x0000001d       0x2d D:/STM32/STM32CubeIDE_2.0.0/STM32CubeIDE/plugins/com.st.stm32cube.ide.mcu.externaltools.gnu-tools-for-stm32.13.3.rel1.win32_1.0.100.202509120712/tools/bin/../lib/gcc/arm-none-eabi/13.3.1/thumb/v7-m/nofp/crtbegin.o
 .ARM.attributes
                0x0000004a       0x2d ./Core/Modules/device_control/device_control.o
 .ARM.attributes
                0x00000077       0x2d ./Core/Modules/pc_serial_com/pc_serial_com.o
 .ARM.attributes
                0x000000a4       0x2d ./Core/Modules/sensor_manager/sensor_manager.o
 .ARM.attributes
                0x000000d1       0x2d ./Core/Modules/smart_home_system/smart_home_system.o
 .ARM.attributes
                0x000000fe       0x2d ./Core/Modules/touch_button/touch_button.o
 .ARM.attributes
                0x0000012b       0x2d ./Core/Modules/user_interface/user_interface.o
 .ARM.attributes
                0x00000158       0x2d ./Core/Src/main.o
 .ARM.attributes
                0x00000185       0x2d ./Core/Src/stm32f1xx_hal_msp.o
 .ARM.attributes
                0x000001b2       0x2d ./Core/Src/stm32f1xx_it.o
 .ARM.attributes
                0x000001df       0x2d ./Core/Src/sysmem.o
 .ARM.attributes
                0x0000020c       0x2d ./Core/Src/system_stm32f1xx.o
 .ARM.attributes
                0x00000239       0x21 ./Core/Startup/startup_stm32f103c8tx.o
 .ARM.attributes
                0x0000025a       0x2d ./Core/lib/DHT11/DHT11.o
 .ARM.attributes
                0x00000287       0x2d ./Core/lib/ssd1306/ssd1306.o
 .ARM.attributes
                0x000002b4       0x2d ./Core/lib/ssd1306/ssd1306_fonts.o
 .ARM.attributes
                0x000002e1       0x2d ./Drivers/STM32F1xx_HAL_Driver/Src/stm32f1xx_hal.o
 .ARM.attributes
                0x0000030e       0x2d ./Drivers/STM32F1xx_HAL_Driver/Src/stm32f1xx_hal_adc.o
 .ARM.attributes
                0x0000033b       0x2d ./Drivers/STM32F1xx_HAL_Driver/Src/stm32f1xx_hal_cortex.o
 .ARM.attributes
                0x00000368       0x2d ./Drivers/STM32F1xx_HAL_Driver/Src/stm32f1xx_hal_dma.o
 .ARM.attributes
                0x00000395       0x2d ./Drivers/STM32F1xx_HAL_Driver/Src/stm32f1xx_hal_gpio.o
 .ARM.attributes
                0x000003c2       0x2d ./Drivers/STM32F1xx_HAL_Driver/Src/stm32f1xx_hal_i2c.o
 .ARM.attributes
                0x000003ef       0x2d ./Drivers/STM32F1xx_HAL_Driver/Src/stm32f1xx_hal_rcc.o
 .ARM.attributes
                0x0000041c       0x2d ./Drivers/STM32F1xx_HAL_Driver/Src/stm32f1xx_hal_rcc_ex.o
 .ARM.attributes
                0x00000449       0x2d ./Drivers/STM32F1xx_HAL_Driver/Src/stm32f1xx_hal_tim.o
 .ARM.attributes
                0x00000476       0x2d ./Drivers/STM32F1xx_HAL_Driver/Src/stm32f1xx_hal_tim_ex.o
 .ARM.attributes
                0x000004a3       0x2d ./Drivers/STM32F1xx_HAL_Driver/Src/stm32f1xx_hal_uart.o
 .ARM.attributes
                0x000004d0       0x2d D:/STM32/STM32CubeIDE_2.0.0/STM32CubeIDE/plugins/com.st.stm32cube.ide.mcu.externaltools.gnu-tools-for-stm32.13.3.rel1.win32_1.0.100.202509120712/tools/bin/../lib/gcc/arm-none-eabi/13.3.1/../../../../arm-none-eabi/lib/thumb/v7-m/nofp\libc_nano.a(libc_a-atoi.o)
 .ARM.attributes
                0x000004fd       0x2d D:/STM32/STM32CubeIDE_2.0.0/STM32CubeIDE/plugins/com.st.stm32cube.ide.mcu.externaltools.gnu-tools-for-stm32.13.3.rel1.win32_1.0.100.202509120712/tools/bin/../lib/gcc/arm-none-eabi/13.3.1/../../../../arm-none-eabi/lib/thumb/v7-m/nofp\libc_nano.a(libc_a-strtol.o)
 .ARM.attributes
                0x0000052a       0x2d D:/STM32/STM32CubeIDE_2.0.0/STM32CubeIDE/plugins/com.st.stm32cube.ide.mcu.externaltools.gnu-tools-for-stm32.13.3.rel1.win32_1.0.100.202509120712/tools/bin/../lib/gcc/arm-none-eabi/13.3.1/../../../../arm-none-eabi/lib/thumb/v7-m/nofp\libc_nano.a(libc_a-ctype_.o)
 .ARM.attributes
                0x00000557       0x2d D:/STM32/STM32CubeIDE_2.0.0/STM32CubeIDE/plugins/com.st.stm32cube.ide.mcu.externaltools.gnu-tools-for-stm32.13.3.rel1.win32_1.0.100.202509120712/tools/bin/../lib/gcc/arm-none-eabi/13.3.1/../../../../arm-none-eabi/lib/thumb/v7-m/nofp\libc_nano.a(libc_a-findfp.o)
 .ARM.attributes
                0x00000584       0x2d D:/STM32/STM32CubeIDE_2.0.0/STM32CubeIDE/plugins/com.st.stm32cube.ide.mcu.externaltools.gnu-tools-for-stm32.13.3.rel1.win32_1.0.100.202509120712/tools/bin/../lib/gcc/arm-none-eabi/13.3.1/../../../../arm-none-eabi/lib/thumb/v7-m/nofp\libc_nano.a(libc_a-sprintf.o)
 .ARM.attributes
                0x000005b1       0x2d D:/STM32/STM32CubeIDE_2.0.0/STM32CubeIDE/plugins/com.st.stm32cube.ide.mcu.externaltools.gnu-tools-for-stm32.13.3.rel1.win32_1.0.100.202509120712/tools/bin/../lib/gcc/arm-none-eabi/13.3.1/../../../../arm-none-eabi/lib/thumb/v7-m/nofp\libc_nano.a(libc_a-memmove.o)
 .ARM.attributes
                0x000005de       0x2d D:/STM32/STM32CubeIDE_2.0.0/STM32CubeIDE/plugins/com.st.stm32cube.ide.mcu.externaltools.gnu-tools-for-stm32.13.3.rel1.win32_1.0.100.202509120712/tools/bin/../lib/gcc/arm-none-eabi/13.3.1/../../../../arm-none-eabi/lib/thumb/v7-m/nofp\libc_nano.a(libc_a-memset.o)
 .ARM.attributes
                0x0000060b       0x2d D:/STM32/STM32CubeIDE_2.0.0/STM32CubeIDE/plugins/com.st.stm32cube.ide.mcu.externaltools.gnu-tools-for-stm32.13.3.rel1.win32_1.0.100.202509120712/tools/bin/../lib/gcc/arm-none-eabi/13.3.1/../../../../arm-none-eabi/lib/thumb/v7-m/nofp\libc_nano.a(libc_a-reent.o)
 .ARM.attributes
                0x00000638       0x2d D:/STM32/STM32CubeIDE_2.0.0/STM32CubeIDE/plugins/com.st.stm32cube.ide.mcu.externaltools.gnu-tools-for-stm32.13.3.rel1.win32_1.0.100.202509120712/tools/bin/../lib/gcc/arm-none-eabi/13.3.1/../../../../arm-none-eabi/lib/thumb/v7-m/nofp\libc_nano.a(libc_a-impure.o)
 .ARM.attributes
                0x00000665       0x2d D:/STM32/STM32CubeIDE_2.0.0/STM32CubeIDE/plugins/com.st.stm32cube.ide.mcu.externaltools.gnu-tools-for-stm32.13.3.rel1.win32_1.0.100.202509120712/tools/bin/../lib/gcc/arm-none-eabi/13.3.1/../../../../arm-none-eabi/lib/thumb/v7-m/nofp\libc_nano.a(libc_a-errno.o)
 .ARM.attributes
                0x00000692       0x2d D:/STM32/STM32CubeIDE_2.0.0/STM32CubeIDE/plugins/com.st.stm32cube.ide.mcu.externaltools.gnu-tools-for-stm32.13.3.rel1.win32_1.0.100.202509120712/tools/bin/../lib/gcc/arm-none-eabi/13.3.1/../../../../arm-none-eabi/lib/thumb/v7-m/nofp\libc_nano.a(libc_a-init.o)
 .ARM.attributes
                0x000006bf       0x2d D:/STM32/STM32CubeIDE_2.0.0/STM32CubeIDE/plugins/com.st.stm32cube.ide.mcu.externaltools.gnu-tools-for-stm32.13.3.rel1.win32_1.0.100.202509120712/tools/bin/../lib/gcc/arm-none-eabi/13.3.1/../../../../arm-none-eabi/lib/thumb/v7-m/nofp\libc_nano.a(libc_a-lock.o)
 .ARM.attributes
                0x000006ec       0x2d D:/STM32/STM32CubeIDE_2.0.0/STM32CubeIDE/plugins/com.st.stm32cube.ide.mcu.externaltools.gnu-tools-for-stm32.13.3.rel1.win32_1.0.100.202509120712/tools/bin/../lib/gcc/arm-none-eabi/13.3.1/../../../../arm-none-eabi/lib/thumb/v7-m/nofp\libc_nano.a(libc_a-memcpy-stub.o)
 .ARM.attributes
                0x00000719       0x17 D:/STM32/STM32CubeIDE_2.0.0/STM32CubeIDE/plugins/com.st.stm32cube.ide.mcu.externaltools.gnu-tools-for-stm32.13.3.rel1.win32_1.0.100.202509120712/tools/bin/../lib/gcc/arm-none-eabi/13.3.1/../../../../arm-none-eabi/lib/thumb/v7-m/nofp\libc_nano.a(libc_a-strlen.o)
 .ARM.attributes
                0x00000730       0x2d D:/STM32/STM32CubeIDE_2.0.0/STM32CubeIDE/plugins/com.st.stm32cube.ide.mcu.externaltools.gnu-tools-for-stm32.13.3.rel1.win32_1.0.100.202509120712/tools/bin/../lib/gcc/arm-none-eabi/13.3.1/../../../../arm-none-eabi/lib/thumb/v7-m/nofp\libc_nano.a(libc_a-freer.o)
 .ARM.attributes
                0x0000075d       0x2d D:/STM32/STM32CubeIDE_2.0.0/STM32CubeIDE/plugins/com.st.stm32cube.ide.mcu.externaltools.gnu-tools-for-stm32.13.3.rel1.win32_1.0.100.202509120712/tools/bin/../lib/gcc/arm-none-eabi/13.3.1/../../../../arm-none-eabi/lib/thumb/v7-m/nofp\libc_nano.a(libc_a-mallocr.o)
 .ARM.attributes
                0x0000078a       0x2d D:/STM32/STM32CubeIDE_2.0.0/STM32CubeIDE/plugins/com.st.stm32cube.ide.mcu.externaltools.gnu-tools-for-stm32.13.3.rel1.win32_1.0.100.202509120712/tools/bin/../lib/gcc/arm-none-eabi/13.3.1/../../../../arm-none-eabi/lib/thumb/v7-m/nofp\libc_nano.a(libc_a-mlock.o)
 .ARM.attributes
                0x000007b7       0x2d D:/STM32/STM32CubeIDE_2.0.0/STM32CubeIDE/plugins/com.st.stm32cube.ide.mcu.externaltools.gnu-tools-for-stm32.13.3.rel1.win32_1.0.100.202509120712/tools/bin/../lib/gcc/arm-none-eabi/13.3.1/../../../../arm-none-eabi/lib/thumb/v7-m/nofp\libc_nano.a(libc_a-nano-svfprintf.o)
 .ARM.attributes
                0x000007e4       0x2d D:/STM32/STM32CubeIDE_2.0.0/STM32CubeIDE/plugins/com.st.stm32cube.ide.mcu.externaltools.gnu-tools-for-stm32.13.3.rel1.win32_1.0.100.202509120712/tools/bin/../lib/gcc/arm-none-eabi/13.3.1/../../../../arm-none-eabi/lib/thumb/v7-m/nofp\libc_nano.a(libc_a-nano-vfprintf_i.o)
 .ARM.attributes
                0x00000811       0x2d D:/STM32/STM32CubeIDE_2.0.0/STM32CubeIDE/plugins/com.st.stm32cube.ide.mcu.externaltools.gnu-tools-for-stm32.13.3.rel1.win32_1.0.100.202509120712/tools/bin/../lib/gcc/arm-none-eabi/13.3.1/../../../../arm-none-eabi/lib/thumb/v7-m/nofp\libc_nano.a(libc_a-sbrkr.o)
 .ARM.attributes
                0x0000083e       0x2d D:/STM32/STM32CubeIDE_2.0.0/STM32CubeIDE/plugins/com.st.stm32cube.ide.mcu.externaltools.gnu-tools-for-stm32.13.3.rel1.win32_1.0.100.202509120712/tools/bin/../lib/gcc/arm-none-eabi/13.3.1/../../../../arm-none-eabi/lib/thumb/v7-m/nofp\libc_nano.a(libc_a-memchr-stub.o)
 .ARM.attributes
                0x0000086b       0x2d D:/STM32/STM32CubeIDE_2.0.0/STM32CubeIDE/plugins/com.st.stm32cube.ide.mcu.externaltools.gnu-tools-for-stm32.13.3.rel1.win32_1.0.100.202509120712/tools/bin/../lib/gcc/arm-none-eabi/13.3.1/../../../../arm-none-eabi/lib/thumb/v7-m/nofp\libc_nano.a(libc_a-reallocr.o)
 .ARM.attributes
                0x00000898       0x2d D:/STM32/STM32CubeIDE_2.0.0/STM32CubeIDE/plugins/com.st.stm32cube.ide.mcu.externaltools.gnu-tools-for-stm32.13.3.rel1.win32_1.0.100.202509120712/tools/bin/../lib/gcc/arm-none-eabi/13.3.1/../../../../arm-none-eabi/lib/thumb/v7-m/nofp\libc_nano.a(libc_a-msizer.o)
 .ARM.attributes
                0x000008c5       0x1d D:/STM32/STM32CubeIDE_2.0.0/STM32CubeIDE/plugins/com.st.stm32cube.ide.mcu.externaltools.gnu-tools-for-stm32.13.3.rel1.win32_1.0.100.202509120712/tools/bin/../lib/gcc/arm-none-eabi/13.3.1/thumb/v7-m/nofp/crtn.o
OUTPUT(SmartHome.elf elf32-littlearm)
LOAD linker stubs
LOAD D:/STM32/STM32CubeIDE_2.0.0/STM32CubeIDE/plugins/com.st.stm32cube.ide.mcu.externaltools.gnu-tools-for-stm32.13.3.rel1.win32_1.0.100.202509120712/tools/bin/../lib/gcc/arm-none-eabi/13.3.1/../../../../arm-none-eabi/lib/thumb/v7-m/nofp\libc.a
LOAD D:/STM32/STM32CubeIDE_2.0.0/STM32CubeIDE/plugins/com.st.stm32cube.ide.mcu.externaltools.gnu-tools-for-stm32.13.3.rel1.win32_1.0.100.202509120712/tools/bin/../lib/gcc/arm-none-eabi/13.3.1/../../../../arm-none-eabi/lib/thumb/v7-m/nofp\libm.a
LOAD D:/STM32/STM32CubeIDE_2.0.0/STM32CubeIDE/plugins/com.st.stm32cube.ide.mcu.externaltools.gnu-tools-for-stm32.13.3.rel1.win32_1.0.100.202509120712/tools/bin/../lib/gcc/arm-none-eabi/13.3.1/thumb/v7-m/nofp\libgcc.a

.debug_info     0x00000000    0x1344a
 .debug_info    0x00000000      0x2a6 ./Core/Modules/device_control/device_control.o
 .debug_info    0x000002a6      0x778 ./Core/Modules/pc_serial_com/pc_serial_com.o
 .debug_info    0x00000a1e      0xbaf ./Core/Modules/sensor_manager/sensor_manager.o
 .debug_info    0x000015cd       0xc2 ./Core/Modules/smart_home_system/smart_home_system.o
 .debug_info    0x0000168f      0x2c8 ./Core/Modules/touch_button/touch_button.o
 .debug_info    0x00001957      0x2f2 ./Core/Modules/user_interface/user_interface.o
 .debug_info    0x00001c49     0x14b5 ./Core/Src/main.o
 .debug_info    0x000030fe     0x1332 ./Core/Src/stm32f1xx_hal_msp.o
 .debug_info    0x00004430      0x603 ./Core/Src/stm32f1xx_it.o
 .debug_info    0x00004a33      0x168 ./Core/Src/sysmem.o
 .debug_info    0x00004b9b      0x222 ./Core/Src/system_stm32f1xx.o
 .debug_info    0x00004dbd       0x30 ./Core/Startup/startup_stm32f103c8tx.o
 .debug_info    0x00004ded      0x98e ./Core/lib/DHT11/DHT11.o
 .debug_info    0x0000577b     0x1239 ./Core/lib/ssd1306/ssd1306.o
 .debug_info    0x000069b4      0x2a4 ./Core/lib/ssd1306/ssd1306_fonts.o
 .debug_info    0x00006c58      0x704 ./Drivers/STM32F1xx_HAL_Driver/Src/stm32f1xx_hal.o
 .debug_info    0x0000735c      0xc50 ./Drivers/STM32F1xx_HAL_Driver/Src/stm32f1xx_hal_adc.o
 .debug_info    0x00007fac      0xa87 ./Drivers/STM32F1xx_HAL_Driver/Src/stm32f1xx_hal_cortex.o
 .debug_info    0x00008a33      0x6d2 ./Drivers/STM32F1xx_HAL_Driver/Src/stm32f1xx_hal_dma.o
 .debug_info    0x00009105      0x5ab ./Drivers/STM32F1xx_HAL_Driver/Src/stm32f1xx_hal_gpio.o
 .debug_info    0x000096b0     0x2524 ./Drivers/STM32F1xx_HAL_Driver/Src/stm32f1xx_hal_i2c.o
 .debug_info    0x0000bbd4      0x7d5 ./Drivers/STM32F1xx_HAL_Driver/Src/stm32f1xx_hal_rcc.o
 .debug_info    0x0000c3a9      0x3c0 ./Drivers/STM32F1xx_HAL_Driver/Src/stm32f1xx_hal_rcc_ex.o
 .debug_info    0x0000c769     0x2959 ./Drivers/STM32F1xx_HAL_Driver/Src/stm32f1xx_hal_tim.o
 .debug_info    0x0000f0c2     0x149b ./Drivers/STM32F1xx_HAL_Driver/Src/stm32f1xx_hal_tim_ex.o
 .debug_info    0x0001055d     0x2eed ./Drivers/STM32F1xx_HAL_Driver/Src/stm32f1xx_hal_uart.o

.debug_abbrev   0x00000000     0x3193
 .debug_abbrev  0x00000000      0x112 ./Core/Modules/device_control/device_control.o
 .debug_abbrev  0x00000112      0x1e2 ./Core/Modules/pc_serial_com/pc_serial_com.o
 .debug_abbrev  0x000002f4      0x27f ./Core/Modules/sensor_manager/sensor_manager.o
 .debug_abbrev  0x00000573       0x5b ./Core/Modules/smart_home_system/smart_home_system.o
 .debug_abbrev  0x000005ce      0x133 ./Core/Modules/touch_button/touch_button.o
 .debug_abbrev  0x00000701      0x176 ./Core/Modules/user_interface/user_interface.o
 .debug_abbrev  0x00000877      0x2f5 ./Core/Src/main.o
 .debug_abbrev  0x00000b6c      0x23b ./Core/Src/stm32f1xx_hal_msp.o
 .debug_abbrev  0x00000da7      0x178 ./Core/Src/stm32f1xx_it.o
 .debug_abbrev  0x00000f1f       0xbc ./Core/Src/sysmem.o
 .debug_abbrev  0x00000fdb      0x13f ./Core/Src/system_stm32f1xx.o
 .debug_abbrev  0x0000111a       0x24 ./Core/Startup/startup_stm32f103c8tx.o
 .debug_abbrev  0x0000113e      0x253 ./Core/lib/DHT11/DHT11.o
 .debug_abbrev  0x00001391      0x371 ./Core/lib/ssd1306/ssd1306.o
 .debug_abbrev  0x00001702       0xcf ./Core/lib/ssd1306/ssd1306_fonts.o
 .debug_abbrev  0x000017d1      0x201 ./Drivers/STM32F1xx_HAL_Driver/Src/stm32f1xx_hal.o
 .debug_abbrev  0x000019d2      0x225 ./Drivers/STM32F1xx_HAL_Driver/Src/stm32f1xx_hal_adc.o
 .debug_abbrev  0x00001bf7      0x2f8 ./Drivers/STM32F1xx_HAL_Driver/Src/stm32f1xx_hal_cortex.o
 .debug_abbrev  0x00001eef      0x20b ./Drivers/STM32F1xx_HAL_Driver/Src/stm32f1xx_hal_dma.o
 .debug_abbrev  0x000020fa      0x1ca ./Drivers/STM32F1xx_HAL_Driver/Src/stm32f1xx_hal_gpio.o
 .debug_abbrev  0x000022c4      0x2a3 ./Drivers/STM32F1xx_HAL_Driver/Src/stm32f1xx_hal_i2c.o
 .debug_abbrev  0x00002567      0x2b3 ./Drivers/STM32F1xx_HAL_Driver/Src/stm32f1xx_hal_rcc.o
 .debug_abbrev  0x0000281a      0x188 ./Drivers/STM32F1xx_HAL_Driver/Src/stm32f1xx_hal_rcc_ex.o
 .debug_abbrev  0x000029a2      0x277 ./Drivers/STM32F1xx_HAL_Driver/Src/stm32f1xx_hal_tim.o
 .debug_abbrev  0x00002c19      0x282 ./Drivers/STM32F1xx_HAL_Driver/Src/stm32f1xx_hal_tim_ex.o
 .debug_abbrev  0x00002e9b      0x2f8 ./Drivers/STM32F1xx_HAL_Driver/Src/stm32f1xx_hal_uart.o

.debug_aranges  0x00000000     0x1230
 .debug_aranges
                0x00000000       0x20 ./Core/Modules/device_control/device_control.o
 .debug_aranges
                0x00000020       0x28 ./Core/Modules/pc_serial_com/pc_serial_com.o
 .debug_aranges
                0x00000048       0x40 ./Core/Modules/sensor_manager/sensor_manager.o
 .debug_aranges
                0x00000088       0x28 ./Core/Modules/smart_home_system/smart_home_system.o
 .debug_aranges
                0x000000b0       0x20 ./Core/Modules/touch_button/touch_button.o
 .debug_aranges
                0x000000d0       0x28 ./Core/Modules/user_interface/user_interface.o
 .debug_aranges
                0x000000f8       0x68 ./Core/Src/main.o
 .debug_aranges
                0x00000160       0x60 ./Core/Src/stm32f1xx_hal_msp.o
 .debug_aranges
                0x000001c0       0x70 ./Core/Src/stm32f1xx_it.o
 .debug_aranges
                0x00000230       0x20 ./Core/Src/sysmem.o
 .debug_aranges
                0x00000250       0x28 ./Core/Src/system_stm32f1xx.o
 .debug_aranges
                0x00000278       0x28 ./Core/Startup/startup_stm32f103c8tx.o
 .debug_aranges
                0x000002a0       0x40 ./Core/lib/DHT11/DHT11.o
 .debug_aranges
                0x000002e0       0xe8 ./Core/lib/ssd1306/ssd1306.o
 .debug_aranges
                0x000003c8       0x18 ./Core/lib/ssd1306/ssd1306_fonts.o
 .debug_aranges
                0x000003e0       0xe0 ./Drivers/STM32F1xx_HAL_Driver/Src/stm32f1xx_hal.o
 .debug_aranges
                0x000004c0       0xf0 ./Drivers/STM32F1xx_HAL_Driver/Src/stm32f1xx_hal_adc.o
 .debug_aranges
                0x000005b0      0x100 ./Drivers/STM32F1xx_HAL_Driver/Src/stm32f1xx_hal_cortex.o
 .debug_aranges
                0x000006b0       0x80 ./Drivers/STM32F1xx_HAL_Driver/Src/stm32f1xx_hal_dma.o
 .debug_aranges
                0x00000730       0x58 ./Drivers/STM32F1xx_HAL_Driver/Src/stm32f1xx_hal_gpio.o
 .debug_aranges
                0x00000788      0x2a8 ./Drivers/STM32F1xx_HAL_Driver/Src/stm32f1xx_hal_i2c.o
 .debug_aranges
                0x00000a30       0x90 ./Drivers/STM32F1xx_HAL_Driver/Src/stm32f1xx_hal_rcc.o
 .debug_aranges
                0x00000ac0       0x30 ./Drivers/STM32F1xx_HAL_Driver/Src/stm32f1xx_hal_rcc_ex.o
 .debug_aranges
                0x00000af0      0x3d0 ./Drivers/STM32F1xx_HAL_Driver/Src/stm32f1xx_hal_tim.o
 .debug_aranges
                0x00000ec0      0x168 ./Drivers/STM32F1xx_HAL_Driver/Src/stm32f1xx_hal_tim_ex.o
 .debug_aranges
                0x00001028      0x208 ./Drivers/STM32F1xx_HAL_Driver/Src/stm32f1xx_hal_uart.o

.debug_rnglists
                0x00000000      0xe2a
 .debug_rnglists
                0x00000000       0x14 ./Core/Modules/device_control/device_control.o
 .debug_rnglists
                0x00000014       0x1a ./Core/Modules/pc_serial_com/pc_serial_com.o
 .debug_rnglists
                0x0000002e       0x2e ./Core/Modules/sensor_manager/sensor_manager.o
 .debug_rnglists
                0x0000005c       0x19 ./Core/Modules/smart_home_system/smart_home_system.o
 .debug_rnglists
                0x00000075       0x14 ./Core/Modules/touch_button/touch_button.o
 .debug_rnglists
                0x00000089       0x1a ./Core/Modules/user_interface/user_interface.o
 .debug_rnglists
                0x000000a3       0x4c ./Core/Src/main.o
 .debug_rnglists
                0x000000ef       0x44 ./Core/Src/stm32f1xx_hal_msp.o
 .debug_rnglists
                0x00000133       0x4f ./Core/Src/stm32f1xx_it.o
 .debug_rnglists
                0x00000182       0x13 ./Core/Src/sysmem.o
 .debug_rnglists
                0x00000195       0x1a ./Core/Src/system_stm32f1xx.o
 .debug_rnglists
                0x000001af       0x19 ./Core/Startup/startup_stm32f103c8tx.o
 .debug_rnglists
                0x000001c8       0x2d ./Core/lib/DHT11/DHT11.o
 .debug_rnglists
                0x000001f5       0xb4 ./Core/lib/ssd1306/ssd1306.o
 .debug_rnglists
                0x000002a9       0xa3 ./Drivers/STM32F1xx_HAL_Driver/Src/stm32f1xx_hal.o
 .debug_rnglists
                0x0000034c       0xbc ./Drivers/STM32F1xx_HAL_Driver/Src/stm32f1xx_hal_adc.o
 .debug_rnglists
                0x00000408       0xbb ./Drivers/STM32F1xx_HAL_Driver/Src/stm32f1xx_hal_cortex.o
 .debug_rnglists
                0x000004c3       0x64 ./Drivers/STM32F1xx_HAL_Driver/Src/stm32f1xx_hal_dma.o
 .debug_rnglists
                0x00000527       0x3f ./Drivers/STM32F1xx_HAL_Driver/Src/stm32f1xx_hal_gpio.o
 .debug_rnglists
                0x00000566      0x23c ./Drivers/STM32F1xx_HAL_Driver/Src/stm32f1xx_hal_i2c.o
 .debug_rnglists
                0x000007a2       0x6c ./Drivers/STM32F1xx_HAL_Driver/Src/stm32f1xx_hal_rcc.o
 .debug_rnglists
                0x0000080e       0x21 ./Drivers/STM32F1xx_HAL_Driver/Src/stm32f1xx_hal_rcc_ex.o
 .debug_rnglists
                0x0000082f      0x31a ./Drivers/STM32F1xx_HAL_Driver/Src/stm32f1xx_hal_tim.o
 .debug_rnglists
                0x00000b49      0x125 ./Drivers/STM32F1xx_HAL_Driver/Src/stm32f1xx_hal_tim_ex.o
 .debug_rnglists
                0x00000c6e      0x1bc ./Drivers/STM32F1xx_HAL_Driver/Src/stm32f1xx_hal_uart.o

.debug_macro    0x00000000    0x1d53a
 .debug_macro   0x00000000      0x203 ./Core/Modules/device_control/device_control.o
 .debug_macro   0x00000203      0xacc ./Core/Modules/device_control/device_control.o
 .debug_macro   0x00000ccf      0x227 ./Core/Modules/device_control/device_control.o
 .debug_macro   0x00000ef6       0x2e ./Core/Modules/device_control/device_control.o
 .debug_macro   0x00000f24       0x22 ./Core/Modules/device_control/device_control.o
 .debug_macro   0x00000f46       0x22 ./Core/Modules/device_control/device_control.o
 .debug_macro   0x00000f68       0x8e ./Core/Modules/device_control/device_control.o
 .debug_macro   0x00000ff6       0x51 ./Core/Modules/device_control/device_control.o
 .debug_macro   0x00001047      0x103 ./Core/Modules/device_control/device_control.o
 .debug_macro   0x0000114a       0x6a ./Core/Modules/device_control/device_control.o
 .debug_macro   0x000011b4      0x1df ./Core/Modules/device_control/device_control.o
 .debug_macro   0x00001393       0x1c ./Core/Modules/device_control/device_control.o
 .debug_macro   0x000013af       0x22 ./Core/Modules/device_control/device_control.o
 .debug_macro   0x000013d1       0xbd ./Core/Modules/device_control/device_control.o
 .debug_macro   0x0000148e      0xd23 ./Core/Modules/device_control/device_control.o
 .debug_macro   0x000021b1     0xe09e ./Core/Modules/device_control/device_control.o
 .debug_macro   0x0001024f       0x6d ./Core/Modules/device_control/device_control.o
 .debug_macro   0x000102bc     0x34a2 ./Core/Modules/device_control/device_control.o
 .debug_macro   0x0001375e      0x190 ./Core/Modules/device_control/device_control.o
 .debug_macro   0x000138ee       0x5c ./Core/Modules/device_control/device_control.o
 .debug_macro   0x0001394a      0x5bc ./Core/Modules/device_control/device_control.o
 .debug_macro   0x00013f06      0x289 ./Core/Modules/device_control/device_control.o
 .debug_macro   0x0001418f      0x1cb ./Core/Modules/device_control/device_control.o
 .debug_macro   0x0001435a      0x114 ./Core/Modules/device_control/device_control.o
 .debug_macro   0x0001446e      0x1b2 ./Core/Modules/device_control/device_control.o
 .debug_macro   0x00014620       0x27 ./Core/Modules/device_control/device_control.o
 .debug_macro   0x00014647      0x136 ./Core/Modules/device_control/device_control.o
 .debug_macro   0x0001477d      0x1bc ./Core/Modules/device_control/device_control.o
 .debug_macro   0x00014939       0x34 ./Core/Modules/device_control/device_control.o
 .debug_macro   0x0001496d       0x3c ./Core/Modules/device_control/device_control.o
 .debug_macro   0x000149a9       0x57 ./Core/Modules/device_control/device_control.o
 .debug_macro   0x00014a00      0x46a ./Core/Modules/device_control/device_control.o
 .debug_macro   0x00014e6a      0x1b5 ./Core/Modules/device_control/device_control.o
 .debug_macro   0x0001501f       0x87 ./Core/Modules/device_control/device_control.o
 .debug_macro   0x000150a6      0x240 ./Core/Modules/device_control/device_control.o
 .debug_macro   0x000152e6      0x287 ./Core/Modules/device_control/device_control.o
 .debug_macro   0x0001556d      0x140 ./Core/Modules/device_control/device_control.o
 .debug_macro   0x000156ad      0x8ed ./Core/Modules/device_control/device_control.o
 .debug_macro   0x00015f9a      0x28e ./Core/Modules/device_control/device_control.o
 .debug_macro   0x00016228       0x83 ./Core/Modules/device_control/device_control.o
 .debug_macro   0x000162ab      0x325 ./Core/Modules/pc_serial_com/pc_serial_com.o
 .debug_macro   0x000165d0       0x61 ./Core/Modules/pc_serial_com/pc_serial_com.o
 .debug_macro   0x00016631       0x24 ./Core/Modules/pc_serial_com/pc_serial_com.o
 .debug_macro   0x00016655       0x43 ./Core/Modules/pc_serial_com/pc_serial_com.o
 .debug_macro   0x00016698       0x34 ./Core/Modules/pc_serial_com/pc_serial_com.o
 .debug_macro   0x000166cc       0x16 ./Core/Modules/pc_serial_com/pc_serial_com.o
 .debug_macro   0x000166e2       0x3c ./Core/Modules/pc_serial_com/pc_serial_com.o
 .debug_macro   0x0001671e      0x370 ./Core/Modules/pc_serial_com/pc_serial_com.o
 .debug_macro   0x00016a8e       0x10 ./Core/Modules/pc_serial_com/pc_serial_com.o
 .debug_macro   0x00016a9e       0x16 ./Core/Modules/pc_serial_com/pc_serial_com.o
 .debug_macro   0x00016ab4       0x4a ./Core/Modules/pc_serial_com/pc_serial_com.o
 .debug_macro   0x00016afe       0x34 ./Core/Modules/pc_serial_com/pc_serial_com.o
 .debug_macro   0x00016b32       0x10 ./Core/Modules/pc_serial_com/pc_serial_com.o
 .debug_macro   0x00016b42       0x58 ./Core/Modules/pc_serial_com/pc_serial_com.o
 .debug_macro   0x00016b9a       0x8e ./Core/Modules/pc_serial_com/pc_serial_com.o
 .debug_macro   0x00016c28       0x1c ./Core/Modules/pc_serial_com/pc_serial_com.o
 .debug_macro   0x00016c44      0x185 ./Core/Modules/pc_serial_com/pc_serial_com.o
 .debug_macro   0x00016dc9       0x16 ./Core/Modules/pc_serial_com/pc_serial_com.o
 .debug_macro   0x00016ddf       0x16 ./Core/Modules/pc_serial_com/pc_serial_com.o
 .debug_macro   0x00016df5      0x146 ./Core/Modules/pc_serial_com/pc_serial_com.o
 .debug_macro   0x00016f3b       0x16 ./Core/Modules/pc_serial_com/pc_serial_com.o
 .debug_macro   0x00016f51       0x20 ./Core/Modules/pc_serial_com/pc_serial_com.o
 .debug_macro   0x00016f71       0x16 ./Core/Modules/pc_serial_com/pc_serial_com.o
 .debug_macro   0x00016f87       0x16 ./Core/Modules/pc_serial_com/pc_serial_com.o
 .debug_macro   0x00016f9d       0x29 ./Core/Modules/pc_serial_com/pc_serial_com.o
 .debug_macro   0x00016fc6      0x1df ./Core/Modules/sensor_manager/sensor_manager.o
 .debug_macro   0x000171a5      0x1fd ./Core/Modules/smart_home_system/smart_home_system.o
 .debug_macro   0x000173a2      0x203 ./Core/Modules/touch_button/touch_button.o
 .debug_macro   0x000175a5      0x2eb ./Core/Modules/user_interface/user_interface.o
 .debug_macro   0x00017890       0x46 ./Core/Modules/user_interface/user_interface.o
 .debug_macro   0x000178d6       0x4c ./Core/Modules/user_interface/user_interface.o
 .debug_macro   0x00017922      0x1e9 ./Core/Src/main.o
 .debug_macro   0x00017b0b      0x1cb ./Core/Src/stm32f1xx_hal_msp.o
 .debug_macro   0x00017cd6      0x1d5 ./Core/Src/stm32f1xx_it.o
 .debug_macro   0x00017eab      0x112 ./Core/Src/sysmem.o
 .debug_macro   0x00017fbd      0x23c ./Core/Src/sysmem.o
 .debug_macro   0x000181f9      0x1c1 ./Core/Src/system_stm32f1xx.o
 .debug_macro   0x000183ba      0x1cb ./Core/lib/DHT11/DHT11.o
 .debug_macro   0x00018585      0x2ec ./Core/lib/ssd1306/ssd1306.o
 .debug_macro   0x00018871     0x34be ./Core/lib/ssd1306/ssd1306.o
 .debug_macro   0x0001bd2f      0x19b ./Core/lib/ssd1306/ssd1306.o
 .debug_macro   0x0001beca      0x217 ./Core/lib/ssd1306/ssd1306_fonts.o
 .debug_macro   0x0001c0e1      0x1e5 ./Drivers/STM32F1xx_HAL_Driver/Src/stm32f1xx_hal.o
 .debug_macro   0x0001c2c6      0x1de ./Drivers/STM32F1xx_HAL_Driver/Src/stm32f1xx_hal_adc.o
 .debug_macro   0x0001c4a4      0x1c1 ./Drivers/STM32F1xx_HAL_Driver/Src/stm32f1xx_hal_cortex.o
 .debug_macro   0x0001c665      0x1c1 ./Drivers/STM32F1xx_HAL_Driver/Src/stm32f1xx_hal_dma.o
 .debug_macro   0x0001c826      0x22c ./Drivers/STM32F1xx_HAL_Driver/Src/stm32f1xx_hal_gpio.o
 .debug_macro   0x0001ca52      0x20f ./Drivers/STM32F1xx_HAL_Driver/Src/stm32f1xx_hal_i2c.o
 .debug_macro   0x0001cc61      0x1d3 ./Drivers/STM32F1xx_HAL_Driver/Src/stm32f1xx_hal_rcc.o
 .debug_macro   0x0001ce34      0x1c1 ./Drivers/STM32F1xx_HAL_Driver/Src/stm32f1xx_hal_rcc_ex.o
 .debug_macro   0x0001cff5      0x1c2 ./Drivers/STM32F1xx_HAL_Driver/Src/stm32f1xx_hal_tim.o
 .debug_macro   0x0001d1b7      0x1c1 ./Drivers/STM32F1xx_HAL_Driver/Src/stm32f1xx_hal_tim_ex.o
 .debug_macro   0x0001d378      0x1c2 ./Drivers/STM32F1xx_HAL_Driver/Src/stm32f1xx_hal_uart.o

.debug_line     0x00000000    0x18f25
 .debug_line    0x00000000      0x84b ./Core/Modules/device_control/device_control.o
 .debug_line    0x0000084b      0xe3c ./Core/Modules/pc_serial_com/pc_serial_com.o
 .debug_line    0x00001687      0x961 ./Core/Modules/sensor_manager/sensor_manager.o
 .debug_line    0x00001fe8      0x90f ./Core/Modules/smart_home_system/smart_home_system.o
 .debug_line    0x000028f7      0x902 ./Core/Modules/touch_button/touch_button.o
 .debug_line    0x000031f9      0xae1 ./Core/Modules/user_interface/user_interface.o
 .debug_line    0x00003cda      0xad7 ./Core/Src/main.o
 .debug_line    0x000047b1      0x8af ./Core/Src/stm32f1xx_hal_msp.o
 .debug_line    0x00005060      0x833 ./Core/Src/stm32f1xx_it.o
 .debug_line    0x00005893      0x59c ./Core/Src/sysmem.o
 .debug_line    0x00005e2f      0x7d3 ./Core/Src/system_stm32f1xx.o
 .debug_line    0x00006602       0x78 ./Core/Startup/startup_stm32f103c8tx.o
 .debug_line    0x0000667a      0x92a ./Core/lib/DHT11/DHT11.o
 .debug_line    0x00006fa4     0x11ba ./Core/lib/ssd1306/ssd1306.o
 .debug_line    0x0000815e      0x857 ./Core/lib/ssd1306/ssd1306_fonts.o
 .debug_line    0x000089b5      0xa04 ./Drivers/STM32F1xx_HAL_Driver/Src/stm32f1xx_hal.o
 .debug_line    0x000093b9     0x1029 ./Drivers/STM32F1xx_HAL_Driver/Src/stm32f1xx_hal_adc.o
 .debug_line    0x0000a3e2      0xbce ./Drivers/STM32F1xx_HAL_Driver/Src/stm32f1xx_hal_cortex.o
 .debug_line    0x0000afb0      0xe0e ./Drivers/STM32F1xx_HAL_Driver/Src/stm32f1xx_hal_dma.o
 .debug_line    0x0000bdbe      0xa61 ./Drivers/STM32F1xx_HAL_Driver/Src/stm32f1xx_hal_gpio.o
 .debug_line    0x0000c81f     0x3c01 ./Drivers/STM32F1xx_HAL_Driver/Src/stm32f1xx_hal_i2c.o
 .debug_line    0x00010420      0xebd ./Drivers/STM32F1xx_HAL_Driver/Src/stm32f1xx_hal_rcc.o
 .debug_line    0x000112dd      0x96e ./Drivers/STM32F1xx_HAL_Driver/Src/stm32f1xx_hal_rcc_ex.o
 .debug_line    0x00011c4b     0x34f2 ./Drivers/STM32F1xx_HAL_Driver/Src/stm32f1xx_hal_tim.o
 .debug_line    0x0001513d     0x18c8 ./Drivers/STM32F1xx_HAL_Driver/Src/stm32f1xx_hal_tim_ex.o
 .debug_line    0x00016a05     0x2520 ./Drivers/STM32F1xx_HAL_Driver/Src/stm32f1xx_hal_uart.o

.debug_str      0x00000000    0x933d7
 .debug_str     0x00000000    0x933d7 ./Core/Modules/device_control/device_control.o
                              0x89bb8 (size before relaxing)
 .debug_str     0x000933d7        0x0 ./Core/Modules/pc_serial_com/pc_serial_com.o
                              0x8d852 (size before relaxing)
 .debug_str     0x000933d7        0x0 ./Core/Modules/sensor_manager/sensor_manager.o
                              0x8a1fd (size before relaxing)
 .debug_str     0x000933d7        0x0 ./Core/Modules/smart_home_system/smart_home_system.o
                              0x89acc (size before relaxing)
 .debug_str     0x000933d7        0x0 ./Core/Modules/touch_button/touch_button.o
                              0x89c60 (size before relaxing)
 .debug_str     0x000933d7        0x0 ./Core/Modules/user_interface/user_interface.o
                              0x8d59f (size before relaxing)
 .debug_str     0x000933d7        0x0 ./Core/Src/main.o
                              0x8aa03 (size before relaxing)
 .debug_str     0x000933d7        0x0 ./Core/Src/stm32f1xx_hal_msp.o
                              0x8a8f6 (size before relaxing)
 .debug_str     0x000933d7        0x0 ./Core/Src/stm32f1xx_it.o
                              0x89ec0 (size before relaxing)
 .debug_str     0x000933d7        0x0 ./Core/Src/sysmem.o
                               0x771e (size before relaxing)
 .debug_str     0x000933d7        0x0 ./Core/Src/system_stm32f1xx.o
                              0x89a82 (size before relaxing)
 .debug_str     0x000933d7        0x0 ./Core/Startup/startup_stm32f103c8tx.o
                                 0x78 (size before relaxing)
 .debug_str     0x000933d7        0x0 ./Core/lib/DHT11/DHT11.o
                              0x8a067 (size before relaxing)
 .debug_str     0x000933d7        0x0 ./Core/lib/ssd1306/ssd1306.o
                              0x8e125 (size before relaxing)
 .debug_str     0x000933d7        0x0 ./Core/lib/ssd1306/ssd1306_fonts.o
                              0x8a107 (size before relaxing)
 .debug_str     0x000933d7        0x0 ./Drivers/STM32F1xx_HAL_Driver/Src/stm32f1xx_hal.o
                              0x8a1b5 (size before relaxing)
 .debug_str     0x000933d7        0x0 ./Drivers/STM32F1xx_HAL_Driver/Src/stm32f1xx_hal_adc.o
                              0x8a166 (size before relaxing)
 .debug_str     0x000933d7        0x0 ./Drivers/STM32F1xx_HAL_Driver/Src/stm32f1xx_hal_cortex.o
                              0x8a101 (size before relaxing)
 .debug_str     0x000933d7        0x0 ./Drivers/STM32F1xx_HAL_Driver/Src/stm32f1xx_hal_dma.o
                              0x89e2b (size before relaxing)
 .debug_str     0x000933d7        0x0 ./Drivers/STM32F1xx_HAL_Driver/Src/stm32f1xx_hal_gpio.o
                              0x89e08 (size before relaxing)
 .debug_str     0x000933d7        0x0 ./Drivers/STM32F1xx_HAL_Driver/Src/stm32f1xx_hal_i2c.o
                              0x8ab49 (size before relaxing)
 .debug_str     0x000933d7        0x0 ./Drivers/STM32F1xx_HAL_Driver/Src/stm32f1xx_hal_rcc.o
                              0x89eb1 (size before relaxing)
 .debug_str     0x000933d7        0x0 ./Drivers/STM32F1xx_HAL_Driver/Src/stm32f1xx_hal_rcc_ex.o
                              0x89c01 (size before relaxing)
 .debug_str     0x000933d7        0x0 ./Drivers/STM32F1xx_HAL_Driver/Src/stm32f1xx_hal_tim.o
                              0x8aeb3 (size before relaxing)
 .debug_str     0x000933d7        0x0 ./Drivers/STM32F1xx_HAL_Driver/Src/stm32f1xx_hal_tim_ex.o
                              0x8a6bf (size before relaxing)
 .debug_str     0x000933d7        0x0 ./Drivers/STM32F1xx_HAL_Driver/Src/stm32f1xx_hal_uart.o
                              0x8a522 (size before relaxing)

.comment        0x00000000       0x43
 .comment       0x00000000       0x43 ./Core/Modules/device_control/device_control.o
                                 0x44 (size before relaxing)
 .comment       0x00000043        0x0 ./Core/Modules/pc_serial_com/pc_serial_com.o
                                 0x44 (size before relaxing)
 .comment       0x00000043        0x0 ./Core/Modules/sensor_manager/sensor_manager.o
                                 0x44 (size before relaxing)
 .comment       0x00000043        0x0 ./Core/Modules/smart_home_system/smart_home_system.o
                                 0x44 (size before relaxing)
 .comment       0x00000043        0x0 ./Core/Modules/touch_button/touch_button.o
                                 0x44 (size before relaxing)
 .comment       0x00000043        0x0 ./Core/Modules/user_interface/user_interface.o
                                 0x44 (size before relaxing)
 .comment       0x00000043        0x0 ./Core/Src/main.o
                                 0x44 (size before relaxing)
 .comment       0x00000043        0x0 ./Core/Src/stm32f1xx_hal_msp.o
                                 0x44 (size before relaxing)
 .comment       0x00000043        0x0 ./Core/Src/stm32f1xx_it.o
                                 0x44 (size before relaxing)
 .comment       0x00000043        0x0 ./Core/Src/sysmem.o
                                 0x44 (size before relaxing)
 .comment       0x00000043        0x0 ./Core/Src/system_stm32f1xx.o
                                 0x44 (size before relaxing)
 .comment       0x00000043        0x0 ./Core/lib/DHT11/DHT11.o
                                 0x44 (size before relaxing)
 .comment       0x00000043        0x0 ./Core/lib/ssd1306/ssd1306.o
                                 0x44 (size before relaxing)
 .comment       0x00000043        0x0 ./Core/lib/ssd1306/ssd1306_fonts.o
                                 0x44 (size before relaxing)