../Core/Src/main.c:87:5:main	8	static
../Core/Src/main.c:143:6:SystemClock_Config	88	static
../Core/Src/main.c:189:13:MX_ADC1_Init	24	static
../Core/Src/main.c:234:13:MX_I2C1_Init	8	static
../Core/Src/main.c:268:13:MX_TIM1_Init	32	static
../Core/Src/main.c:314:13:MX_USART1_UART_Init	8	static
../Core/Src/main.c:347:13:MX_USART2_UART_Init	8	static
../Core/Src/main.c:380:13:MX_GPIO_Init	40	static
../Core/Src/main.c:423:6:HAL_UART_RxCpltCallback	16	static
../Core/Src/main.c:445:6:Error_Handler	4	static,ignoring_inline_asm
